Component: ARM Compiler 5.06 update 2 (build 183) Tool: armlink [4d35b7]

==============================================================================

Section Cross References

    stm32f4xx_it.o(i.DMA2D_IRQHandler) refers to stm32f4xx_hal_gpio.o(i.HAL_GPIO_WritePin) for HAL_GPIO_WritePin
    stm32f4xx_it.o(i.DMA2D_IRQHandler) refers to stm32f4xx_hal_dma2d.o(i.HAL_DMA2D_IRQHandler) for HAL_DMA2D_IRQHandler
    stm32f4xx_it.o(i.DMA2D_IRQHandler) refers to hw_robo1.o(.bss) for hdma2d
    stm32f4xx_it.o(i.LTDC_ER_IRQHandler) refers to stm32f4xx_hal_ltdc.o(i.HAL_LTDC_IRQHandler) for HAL_LTDC_IRQHandler
    stm32f4xx_it.o(i.LTDC_ER_IRQHandler) refers to hw_robo1.o(.bss) for hltdc
    stm32f4xx_it.o(i.LTDC_IRQHandler) refers to stm32f4xx_hal_gpio.o(i.HAL_GPIO_TogglePin) for HAL_GPIO_TogglePin
    stm32f4xx_it.o(i.LTDC_IRQHandler) refers to stm32f4xx_hal_ltdc.o(i.HAL_LTDC_IRQHandler) for HAL_LTDC_IRQHandler
    stm32f4xx_it.o(i.LTDC_IRQHandler) refers to hw_robo1.o(.bss) for hltdc
    stm32f4xx_it.o(i.LTDC_IRQHandler) refers to stm32f4xx_it.o(.data) for .data
    stm32f4xx_it.o(i.SysTick_Handler) refers to stm32f4xx_hal.o(i.HAL_IncTick) for HAL_IncTick
    stm32f4xx_it.o(i.SysTick_Handler) refers to stm32f4xx_hal_cortex.o(i.HAL_SYSTICK_IRQHandler) for HAL_SYSTICK_IRQHandler
    stm32f4xx_it.o(i.TIM1_BRK_TIM9_IRQHandler) refers to stm32f4xx_hal_tim.o(i.HAL_TIM_IRQHandler) for HAL_TIM_IRQHandler
    stm32f4xx_it.o(i.TIM1_BRK_TIM9_IRQHandler) refers to hw_internal_stm32f429.o(.bss) for htim9
    stm32f4xx_it.o(i.TIM1_BRK_TIM9_IRQHandler) refers to hw_internal_stm32f429.o(.data) for data_status_whistm32429
    stm32f4xx_it.o(i.TIM6_DAC_IRQHandler) refers to stm32f4xx_hal_tim.o(i.HAL_TIM_IRQHandler) for HAL_TIM_IRQHandler
    stm32f4xx_it.o(i.TIM6_DAC_IRQHandler) refers to hw_internal_stm32f429.o(.bss) for htim6
    stm32f4xx_it.o(i.TIM6_DAC_IRQHandler) refers to hw_internal_stm32f429.o(.data) for data_status_whistm32429
    stm32f4xx_hal_msp.o(i.HAL_DMA2D_MspDeInit) refers to stm32f4xx_hal_cortex.o(i.HAL_NVIC_DisableIRQ) for HAL_NVIC_DisableIRQ
    stm32f4xx_hal_msp.o(i.HAL_FMC_MspInit) refers to stm32f4xx_hal_gpio.o(i.HAL_GPIO_Init) for HAL_GPIO_Init
    stm32f4xx_hal_msp.o(i.HAL_FMC_MspInit) refers to stm32f4xx_hal_msp.o(.data) for .data
    stm32f4xx_hal_msp.o(i.HAL_I2C_MspDeInit) refers to stm32f4xx_hal_gpio.o(i.HAL_GPIO_DeInit) for HAL_GPIO_DeInit
    stm32f4xx_hal_msp.o(i.HAL_I2C_MspInit) refers to stm32f4xx_hal_gpio.o(i.HAL_GPIO_Init) for HAL_GPIO_Init
    stm32f4xx_hal_msp.o(i.HAL_LTDC_MspDeInit) refers to stm32f4xx_hal_gpio.o(i.HAL_GPIO_DeInit) for HAL_GPIO_DeInit
    stm32f4xx_hal_msp.o(i.HAL_LTDC_MspDeInit) refers to stm32f4xx_hal_cortex.o(i.HAL_NVIC_DisableIRQ) for HAL_NVIC_DisableIRQ
    stm32f4xx_hal_msp.o(i.HAL_LTDC_MspInit) refers to stm32f4xx_hal_gpio.o(i.HAL_GPIO_Init) for HAL_GPIO_Init
    stm32f4xx_hal_msp.o(i.HAL_LTDC_MspInit) refers to stm32f4xx_hal_cortex.o(i.HAL_NVIC_SetPriority) for HAL_NVIC_SetPriority
    stm32f4xx_hal_msp.o(i.HAL_LTDC_MspInit) refers to stm32f4xx_hal_cortex.o(i.HAL_NVIC_EnableIRQ) for HAL_NVIC_EnableIRQ
    stm32f4xx_hal_msp.o(i.HAL_MspInit) refers to stm32f4xx_hal_cortex.o(i.HAL_NVIC_SetPriorityGrouping) for HAL_NVIC_SetPriorityGrouping
    stm32f4xx_hal_msp.o(i.HAL_MspInit) refers to stm32f4xx_hal_cortex.o(i.HAL_NVIC_SetPriority) for HAL_NVIC_SetPriority
    stm32f4xx_hal_msp.o(i.HAL_SDRAM_MspDeInit) refers to stm32f4xx_hal_gpio.o(i.HAL_GPIO_DeInit) for HAL_GPIO_DeInit
    stm32f4xx_hal_msp.o(i.HAL_SDRAM_MspDeInit) refers to stm32f4xx_hal_msp.o(.data) for .data
    stm32f4xx_hal_msp.o(i.HAL_SDRAM_MspInit) refers to stm32f4xx_hal_msp.o(i.HAL_FMC_MspInit) for HAL_FMC_MspInit
    stm32f4xx_hal_msp.o(i.HAL_SPI_MspDeInit) refers to stm32f4xx_hal_gpio.o(i.HAL_GPIO_DeInit) for HAL_GPIO_DeInit
    stm32f4xx_hal_msp.o(i.HAL_SPI_MspInit) refers to stm32f4xx_hal_gpio.o(i.HAL_GPIO_Init) for HAL_GPIO_Init
    stm32f4xx_hal_msp.o(i.HAL_TIM_Base_MspDeInit) refers to stm32f4xx_hal_cortex.o(i.HAL_NVIC_DisableIRQ) for HAL_NVIC_DisableIRQ
    stm32f4xx_hal_msp.o(i.HAL_TIM_Base_MspInit) refers to stm32f4xx_hal_cortex.o(i.HAL_NVIC_SetPriority) for HAL_NVIC_SetPriority
    stm32f4xx_hal_msp.o(i.HAL_TIM_Base_MspInit) refers to stm32f4xx_hal_cortex.o(i.HAL_NVIC_EnableIRQ) for HAL_NVIC_EnableIRQ
    main.o(i.main) refers to hw_internal_stm32f429.o(i.HW_Internal_STM32F429_Init) for HW_Internal_STM32F429_Init
    main.o(i.main) refers to eventhandler_s_robo1.o(i.Event_init) for Event_init
    main.o(i.main) refers to forms_01.o(i.DSV_Draw_wind_init) for DSV_Draw_wind_init
    main.o(i.main) refers to eventhandler_s_robo1.o(i.Eevent_Collector) for Eevent_Collector
    main.o(i.main) refers to eventhandler_s_robo1.o(i.EventHandler) for EventHandler
    forms_01.o(i.DSV_Draw_wind) refers to stm32f429i_discovery_lcd.o(i.BSP_LCD_SelectLayer) for BSP_LCD_SelectLayer
    forms_01.o(i.DSV_Draw_wind) refers to stm32f429i_discovery_lcd.o(i.BSP_LCD_SetLayerVisible) for BSP_LCD_SetLayerVisible
[...]
    Removing stm32f4xx_hal_tim_ex.o(i.TIM_CCxNChannelCmd), (22 bytes).
    Removing stm32f4xx_hal_pwr.o(.rev16_text), (4 bytes).
    Removing stm32f4xx_hal_pwr.o(.revsh_text), (4 bytes).
    Removing stm32f4xx_hal_pwr.o(.rrx_text), (6 bytes).
    Removing stm32f4xx_hal_pwr.o(i.HAL_PWR_ConfigPVD), (124 bytes).
    Removing stm32f4xx_hal_pwr.o(i.HAL_PWR_DeInit), (24 bytes).
    Removing stm32f4xx_hal_pwr.o(i.HAL_PWR_DisableBkUpAccess), (28 bytes).
    Removing stm32f4xx_hal_pwr.o(i.HAL_PWR_DisablePVD), (24 bytes).
    Removing stm32f4xx_hal_pwr.o(i.HAL_PWR_DisableSEVOnPend), (16 bytes).
    Removing stm32f4xx_hal_pwr.o(i.HAL_PWR_DisableSleepOnExit), (16 bytes).
    Removing stm32f4xx_hal_pwr.o(i.HAL_PWR_DisableWakeUpPin), (16 bytes).
    Removing stm32f4xx_hal_pwr.o(i.HAL_PWR_EnableBkUpAccess), (24 bytes).
    Removing stm32f4xx_hal_pwr.o(i.HAL_PWR_EnablePVD), (24 bytes).
    Removing stm32f4xx_hal_pwr.o(i.HAL_PWR_EnableSEVOnPend), (16 bytes).
    Removing stm32f4xx_hal_pwr.o(i.HAL_PWR_EnableSleepOnExit), (16 bytes).
    Removing stm32f4xx_hal_pwr.o(i.HAL_PWR_EnableWakeUpPin), (16 bytes).
    Removing stm32f4xx_hal_pwr.o(i.HAL_PWR_EnterSLEEPMode), (32 bytes).
    Removing stm32f4xx_hal_pwr.o(i.HAL_PWR_EnterSTANDBYMode), (32 bytes).
    Removing stm32f4xx_hal_pwr.o(i.HAL_PWR_EnterSTOPMode), (56 bytes).
    Removing stm32f4xx_hal_pwr.o(i.HAL_PWR_PVDCallback), (2 bytes).
    Removing stm32f4xx_hal_pwr.o(i.HAL_PWR_PVD_IRQHandler), (28 bytes).
    Removing stm32f4xx_hal_sdram.o(.rev16_text), (4 bytes).
    Removing stm32f4xx_hal_sdram.o(.revsh_text), (4 bytes).
    Removing stm32f4xx_hal_sdram.o(.rrx_text), (6 bytes).
    Removing stm32f4xx_hal_sdram.o(i.HAL_SDRAM_DMA_XferCpltCallback), (2 bytes).
    Removing stm32f4xx_hal_sdram.o(i.HAL_SDRAM_DMA_XferErrorCallback), (2 bytes).
    Removing stm32f4xx_hal_sdram.o(i.HAL_SDRAM_DeInit), (28 bytes).
    Removing stm32f4xx_hal_sdram.o(i.HAL_SDRAM_GetModeStatus), (6 bytes).
    Removing stm32f4xx_hal_sdram.o(i.HAL_SDRAM_GetState), (6 bytes).
    Removing stm32f4xx_hal_sdram.o(i.HAL_SDRAM_IRQHandler), (30 bytes).
    Removing stm32f4xx_hal_sdram.o(i.HAL_SDRAM_Init), (66 bytes).
    Removing stm32f4xx_hal_sdram.o(i.HAL_SDRAM_MspDeInit), (2 bytes).
    Removing stm32f4xx_hal_sdram.o(i.HAL_SDRAM_MspInit), (2 bytes).
    Removing stm32f4xx_hal_sdram.o(i.HAL_SDRAM_ProgramRefreshRate), (34 bytes).
    Removing stm32f4xx_hal_sdram.o(i.HAL_SDRAM_Read_16b), (66 bytes).
    Removing stm32f4xx_hal_sdram.o(i.HAL_SDRAM_Read_32b), (62 bytes).
    Removing stm32f4xx_hal_sdram.o(i.HAL_SDRAM_Read_8b), (66 bytes).
    Removing stm32f4xx_hal_sdram.o(i.HAL_SDRAM_Read_DMA), (72 bytes).
    Removing stm32f4xx_hal_sdram.o(i.HAL_SDRAM_RefreshErrorCallback), (2 bytes).
    Removing stm32f4xx_hal_sdram.o(i.HAL_SDRAM_SendCommand), (48 bytes).
    Removing stm32f4xx_hal_sdram.o(i.HAL_SDRAM_SetAutoRefreshNumber), (34 bytes).
    Removing stm32f4xx_hal_sdram.o(i.HAL_SDRAM_WriteProtection_Disable), (36 bytes).
    Removing stm32f4xx_hal_sdram.o(i.HAL_SDRAM_WriteProtection_Enable), (36 bytes).
    Removing stm32f4xx_hal_sdram.o(i.HAL_SDRAM_Write_16b), (66 bytes).
    Removing stm32f4xx_hal_sdram.o(i.HAL_SDRAM_Write_32b), (62 bytes).
    Removing stm32f4xx_hal_sdram.o(i.HAL_SDRAM_Write_8b), (66 bytes).
    Removing stm32f4xx_hal_sdram.o(i.HAL_SDRAM_Write_DMA), (84 bytes).
    Removing stm32f429i_discovery.o(.rev16_text), (4 bytes).
    Removing stm32f429i_discovery.o(.revsh_text), (4 bytes).
    Removing stm32f429i_discovery.o(.rrx_text), (6 bytes).
    Removing stm32f429i_discovery.o(i.BSP_GetVersion), (8 bytes).
    Removing stm32f429i_discovery.o(i.BSP_LED_Init), (92 bytes).
    Removing stm32f429i_discovery.o(i.BSP_LED_Off), (28 bytes).
    Removing stm32f429i_discovery.o(i.BSP_LED_On), (28 bytes).
    Removing stm32f429i_discovery.o(i.BSP_LED_Toggle), (24 bytes).
    Removing stm32f429i_discovery.o(i.BSP_PB_GetState), (24 bytes).
    Removing stm32f429i_discovery.o(i.BSP_PB_Init), (128 bytes).
    Removing stm32f429i_discovery.o(i.GYRO_IO_Init), (112 bytes).
    Removing stm32f429i_discovery.o(i.GYRO_IO_Read), (80 bytes).
    Removing stm32f429i_discovery.o(i.GYRO_IO_Write), (72 bytes).
    Removing stm32f429i_discovery.o(i.I2Cx_Error), (20 bytes).
    Removing stm32f429i_discovery.o(i.I2Cx_Init), (72 bytes).
    Removing stm32f429i_discovery.o(i.I2Cx_MspInit), (184 bytes).
    Removing stm32f429i_discovery.o(i.IOE_Delay), (4 bytes).
    Removing stm32f429i_discovery.o(i.IOE_ITConfig), (80 bytes).
    Removing stm32f429i_discovery.o(i.IOE_Init), (4 bytes).
    Removing stm32f429i_discovery.o(i.IOE_Read), (52 bytes).
    Removing stm32f429i_discovery.o(i.IOE_ReadMultiple), (48 bytes).
    Removing stm32f429i_discovery.o(i.IOE_Write), (48 bytes).
    Removing stm32f429i_discovery.o(i.IOE_WriteMultiple), (48 bytes).
    Removing stm32f429i_discovery.o(i.LCD_Delay), (4 bytes).
    Removing stm32f429i_discovery.o(i.LCD_IO_Init), (168 bytes).
    Removing stm32f429i_discovery.o(i.LCD_IO_ReadData), (108 bytes).
    Removing stm32f429i_discovery.o(i.LCD_IO_WriteData), (56 bytes).
    Removing stm32f429i_discovery.o(i.LCD_IO_WriteReg), (56 bytes).
    Removing stm32f429i_discovery.o(i.SPIx_Error), (20 bytes).
    Removing stm32f429i_discovery.o(i.SPIx_Init), (156 bytes).
    Removing stm32f429i_discovery.o(i.SPIx_Write), (36 bytes).
    Removing stm32f429i_discovery.o(i.SPIx_WriteRead), (48 bytes).
    Removing stm32f429i_discovery.o(.bss), (172 bytes).
    Removing stm32f429i_discovery.o(.constdata), (8 bytes).
    Removing stm32f429i_discovery.o(.data), (24 bytes).
    Removing stm32f429i_discovery_lcd.o(.rev16_text), (4 bytes).
    Removing stm32f429i_discovery_lcd.o(.revsh_text), (4 bytes).
    Removing stm32f429i_discovery_lcd.o(.rrx_text), (6 bytes).
    Removing stm32f429i_discovery_lcd.o(i.BSP_LCD_Clear), (60 bytes).
    Removing stm32f429i_discovery_lcd.o(i.BSP_LCD_ClearStringLine), (92 bytes).
    Removing stm32f429i_discovery_lcd.o(i.BSP_LCD_DisplayChar), (52 bytes).
    Removing stm32f429i_discovery_lcd.o(i.BSP_LCD_DisplayOff), (20 bytes).
    Removing stm32f429i_discovery_lcd.o(i.BSP_LCD_DisplayOn), (20 bytes).
    Removing stm32f429i_discovery_lcd.o(i.BSP_LCD_DisplayStringAt), (196 bytes).
    Removing stm32f429i_discovery_lcd.o(i.BSP_LCD_DisplayStringAtLine), (28 bytes).
    Removing stm32f429i_discovery_lcd.o(i.BSP_LCD_DrawBitmap), (160 bytes).
    Removing stm32f429i_discovery_lcd.o(i.BSP_LCD_DrawCircle), (280 bytes).
    Removing stm32f429i_discovery_lcd.o(i.BSP_LCD_DrawEllipse), (292 bytes).
    Removing stm32f429i_discovery_lcd.o(i.BSP_LCD_DrawHLine), (76 bytes).
    Removing stm32f429i_discovery_lcd.o(i.BSP_LCD_DrawLine), (200 bytes).
    Removing stm32f429i_discovery_lcd.o(i.BSP_LCD_DrawPixel), (52 bytes).
    Removing stm32f429i_discovery_lcd.o(i.BSP_LCD_DrawPolygon), (58 bytes).
    Removing stm32f429i_discovery_lcd.o(i.BSP_LCD_DrawRect), (54 bytes).
    Removing stm32f429i_discovery_lcd.o(i.BSP_LCD_DrawVLine), (88 bytes).
    Removing stm32f429i_discovery_lcd.o(i.BSP_LCD_FillCircle), (196 bytes).
    Removing stm32f429i_discovery_lcd.o(i.BSP_LCD_FillEllipse), (216 bytes).
    Removing stm32f429i_discovery_lcd.o(i.BSP_LCD_FillPolygon), (276 bytes).
    Removing stm32f429i_discovery_lcd.o(i.BSP_LCD_FillRect), (104 bytes).
    Removing stm32f429i_discovery_lcd.o(i.BSP_LCD_FillTriangle), (188 bytes).
    Removing stm32f429i_discovery_lcd.o(i.BSP_LCD_GetBackColor), (28 bytes).
    Removing stm32f429i_discovery_lcd.o(i.BSP_LCD_GetFont), (28 bytes).
    Removing stm32f429i_discovery_lcd.o(i.BSP_LCD_GetTextColor), (24 bytes).
    Removing stm32f429i_discovery_lcd.o(i.BSP_LCD_GetXSize), (12 bytes).
    Removing stm32f429i_discovery_lcd.o(i.BSP_LCD_GetYSize), (12 bytes).
    Removing stm32f429i_discovery_lcd.o(i.BSP_LCD_Init), (148 bytes).
    Removing stm32f429i_discovery_lcd.o(i.BSP_LCD_LayerDefaultInit), (128 bytes).
    Removing stm32f429i_discovery_lcd.o(i.BSP_LCD_ReadPixel), (180 bytes).
    Removing stm32f429i_discovery_lcd.o(i.BSP_LCD_Relaod), (12 bytes).
    Removing stm32f429i_discovery_lcd.o(i.BSP_LCD_ResetColorKeying), (12 bytes).
    Removing stm32f429i_discovery_lcd.o(i.BSP_LCD_ResetColorKeying_NoReload), (12 bytes).
    Removing stm32f429i_discovery_lcd.o(i.BSP_LCD_SetBackColor), (28 bytes).
    Removing stm32f429i_discovery_lcd.o(i.BSP_LCD_SetColorKeying), (28 bytes).
    Removing stm32f429i_discovery_lcd.o(i.BSP_LCD_SetColorKeying_NoReload), (28 bytes).
    Removing stm32f429i_discovery_lcd.o(i.BSP_LCD_SetFont), (28 bytes).
    Removing stm32f429i_discovery_lcd.o(i.BSP_LCD_SetLayerAddress), (12 bytes).
    Removing stm32f429i_discovery_lcd.o(i.BSP_LCD_SetLayerAddress_NoReload), (12 bytes).
    Removing stm32f429i_discovery_lcd.o(i.BSP_LCD_SetLayerVisible_NoReload), (36 bytes).
    Removing stm32f429i_discovery_lcd.o(i.BSP_LCD_SetLayerWindow), (44 bytes).
    Removing stm32f429i_discovery_lcd.o(i.BSP_LCD_SetLayerWindow_NoReload), (44 bytes).
    Removing stm32f429i_discovery_lcd.o(i.BSP_LCD_SetTextColor), (24 bytes).
    Removing stm32f429i_discovery_lcd.o(i.BSP_LCD_SetTransparency), (12 bytes).
    Removing stm32f429i_discovery_lcd.o(i.BSP_LCD_SetTransparency_NoReload), (12 bytes).
    Removing stm32f429i_discovery_lcd.o(i.ConvertLineToARGB8888), (100 bytes).
    Removing stm32f429i_discovery_lcd.o(i.DrawChar), (180 bytes).
    Removing stm32f429i_discovery_lcd.o(i.FillBuffer), (96 bytes).
    Removing stm32f429i_discovery_lcd.o(i.MspInit), (300 bytes).
    Removing stm32f429i_discovery_lcd.o(.constdata), (3800 bytes).
    Removing stm32f429i_discovery_lcd.o(.constdata), (3040 bytes).
    Removing stm32f429i_discovery_lcd.o(.constdata), (1140 bytes).
    Removing stm32f429i_discovery_lcd.o(.constdata), (760 bytes).
    Removing stm32f429i_discovery_lcd.o(.data), (8 bytes).
    Removing stm32f429i_discovery_lcd.o(.data), (8 bytes).
    Removing stm32f429i_discovery_lcd.o(.data), (8 bytes).
    Removing stm32f429i_discovery_lcd.o(.data), (8 bytes).
    Removing stm32f429i_discovery_sdram.o(.rev16_text), (4 bytes).
    Removing stm32f429i_discovery_sdram.o(.revsh_text), (4 bytes).
    Removing stm32f429i_discovery_sdram.o(.rrx_text), (6 bytes).
    Removing stm32f429i_discovery_sdram.o(i.BSP_SDRAM_DMA_IRQHandler), (12 bytes).
    Removing stm32f429i_discovery_sdram.o(i.BSP_SDRAM_Init), (100 bytes).
    Removing stm32f429i_discovery_sdram.o(i.BSP_SDRAM_Initialization_sequence), (136 bytes).
    Removing stm32f429i_discovery_sdram.o(i.BSP_SDRAM_ReadData), (16 bytes).
    Removing stm32f429i_discovery_sdram.o(i.BSP_SDRAM_ReadData_DMA), (16 bytes).
    Removing stm32f429i_discovery_sdram.o(i.BSP_SDRAM_Sendcmd), (16 bytes).
    Removing stm32f429i_discovery_sdram.o(i.BSP_SDRAM_WriteData), (36 bytes).
    Removing stm32f429i_discovery_sdram.o(i.BSP_SDRAM_WriteData_DMA), (16 bytes).
    Removing stm32f429i_discovery_sdram.o(i.MspInit), (352 bytes).
    Removing stm32f429i_discovery_sdram.o(.bss), (192 bytes).
    Removing ili9341.o(i.ili9341_DisplayOff), (6 bytes).
    Removing ili9341.o(i.ili9341_DisplayOn), (6 bytes).
    Removing ili9341.o(i.ili9341_GetLcdPixelHeight), (6 bytes).
    Removing ili9341.o(i.ili9341_GetLcdPixelWidth), (4 bytes).
    Removing ili9341.o(i.ili9341_Init), (658 bytes).
    Removing ili9341.o(i.ili9341_ReadData), (4 bytes).
    Removing ili9341.o(i.ili9341_ReadID), (18 bytes).
    Removing ili9341.o(i.ili9341_WriteData), (4 bytes).
    Removing ili9341.o(i.ili9341_WriteReg), (4 bytes).
    Removing ili9341.o(.data), (56 bytes).
    Removing hw_robo1.o(.rev16_text), (4 bytes).
    Removing hw_robo1.o(.revsh_text), (4 bytes).
    Removing hw_robo1.o(.rrx_text), (6 bytes).
    Removing hw_robo1.o(i.Error_Handler), (2 bytes).
    Removing hw_robo1.o(i.Get_Mech_sensor_data), (2 bytes).
    Removing hw_robo1.o(i.H_init_R), (296 bytes).
    Removing hw_robo1.o(i.MLX90614_EEPROMRead), (32 bytes).
    Removing hw_robo1.o(i.MLX90614_EEPROMWrite), (32 bytes).
    Removing hw_robo1.o(i.MX_FMC_Init), (80 bytes).
    Removing hw_robo1.o(i.MX_GPIO_Init), (416 bytes).
    Removing hw_robo1.o(i.MX_LTDC_Init), (196 bytes).
    Removing hw_robo1.o(i.MX_SPI5_Init), (64 bytes).
    Removing hw_robo1.o(i.SystemClock_Config), (188 bytes).
    Removing hw_internal_stm32f429.o(.rev16_text), (4 bytes).
    Removing hw_internal_stm32f429.o(.revsh_text), (4 bytes).
    Removing hw_internal_stm32f429.o(.rrx_text), (6 bytes).
    Removing hw_internal_stm32f429.o(i.Error_Handler_01), (2 bytes).
    Removing eventhandler_s_robo1.o(.rev16_text), (4 bytes).
    Removing eventhandler_s_robo1.o(.revsh_text), (4 bytes).
    Removing eventhandler_s_robo1.o(.rrx_text), (6 bytes).
    Removing eventhandler_s_robo1.o(.data), (1 bytes).
    Removing d_filter.o(.rev16_text), (4 bytes).
    Removing d_filter.o(.revsh_text), (4 bytes).
    Removing d_filter.o(.rrx_text), (6 bytes).
    Removing d_filter.o(i.Complementary_Filter_Init), (60 bytes).
    Removing d_filter.o(i.Get_Filter_Data_Sensor_ID), (2 bytes).
    Removing d_filter.o(.bss), (80 bytes).
    Removing d_filter.o(.data), (16 bytes).

719 unused section(s) (total 62159 bytes) removed from the image.

==============================================================================

Image Symbol Table

    Local Symbols

    Symbol Name                              Value     Ov Type        Size  Object(Section)

    ../Drivers/CMSIS//Device/ST/STM32F4xx/Source/Templates/system_stm32f4xx.c 0x00000000   Number         0  system_stm32f4xx.o ABSOLUTE
    ../Drivers/STM32F4xx_HAL_Driver/Src/stm32f4xx_hal.c 0x00000000   Number         0  stm32f4xx_hal.o ABSOLUTE
    ../Drivers/STM32F4xx_HAL_Driver/Src/stm32f4xx_hal_cortex.c 0x00000000   Number         0  stm32f4xx_hal_cortex.o ABSOLUTE
    ../Drivers/STM32F4xx_HAL_Driver/Src/stm32f4xx_hal_dma.c 0x00000000   Number         0  stm32f4xx_hal_dma.o ABSOLUTE
    ../Drivers/STM32F4xx_HAL_Driver/Src/stm32f4xx_hal_dma2d.c 0x00000000   Number         0  stm32f4xx_hal_dma2d.o ABSOLUTE
    ../Drivers/STM32F4xx_HAL_Driver/Src/stm32f4xx_hal_dma_ex.c 0x00000000   Number         0  stm32f4xx_hal_dma_ex.o ABSOLUTE
    ../Drivers/STM32F4xx_HAL_Driver/Src/stm32f4xx_hal_dsi.c 0x00000000   Number         0  stm32f4xx_hal_dsi.o ABSOLUTE
    ../Drivers/STM32F4xx_HAL_Driver/Src/stm32f4xx_hal_flash.c 0x00000000   Number         0  stm32f4xx_hal_flash.o ABSOLUTE
    ../Drivers/STM32F4xx_HAL_Driver/Src/stm32f4xx_hal_flash_ex.c 0x00000000   Number         0  stm32f4xx_hal_flash_ex.o ABSOLUTE
    ../Drivers/STM32F4xx_HAL_Driver/Src/stm32f4xx_hal_flash_ramfunc.c 0x00000000   Number         0  stm32f4xx_hal_flash_ramfunc.o ABSOLUTE
    ../Drivers/STM32F4xx_HAL_Driver/Src/stm32f4xx_hal_gpio.c 0x00000000   Number         0  stm32f4xx_hal_gpio.o ABSOLUTE
    ../Drivers/STM32F4xx_HAL_Driver/Src/stm32f4xx_hal_i2c.c 0x00000000   Number         0  stm32f4xx_hal_i2c.o ABSOLUTE
    ../Drivers/STM32F4xx_HAL_Driver/Src/stm32f4xx_hal_i2c_ex.c 0x00000000   Number         0  stm32f4xx_hal_i2c_ex.o ABSOLUTE
    ../Drivers/STM32F4xx_HAL_Driver/Src/stm32f4xx_hal_ltdc.c 0x00000000   Number         0  stm32f4xx_hal_ltdc.o ABSOLUTE
    ../Drivers/STM32F4xx_HAL_Driver/Src/stm32f4xx_hal_ltdc_ex.c 0x00000000   Number         0  stm32f4xx_hal_ltdc_ex.o ABSOLUTE
    ../Drivers/STM32F4xx_HAL_Driver/Src/stm32f4xx_hal_pwr.c 0x00000000   Number         0  stm32f4xx_hal_pwr.o ABSOLUTE
    ../Drivers/STM32F4xx_HAL_Driver/Src/stm32f4xx_hal_pwr_ex.c 0x00000000   Number         0  stm32f4xx_hal_pwr_ex.o ABSOLUTE
    ../Drivers/STM32F4xx_HAL_Driver/Src/stm32f4xx_hal_rcc.c 0x00000000   Number         0  stm32f4xx_hal_rcc.o ABSOLUTE
    ../Drivers/STM32F4xx_HAL_Driver/Src/stm32f4xx_hal_rcc_ex.c 0x00000000   Number         0  stm32f4xx_hal_rcc_ex.o ABSOLUTE
    ../Drivers/STM32F4xx_HAL_Driver/Src/stm32f4xx_hal_sdram.c 0x00000000   Number         0  stm32f4xx_hal_sdram.o ABSOLUTE
    ../Drivers/STM32F4xx_HAL_Driver/Src/stm32f4xx_hal_spi.c 0x00000000   Number         0  stm32f4xx_hal_spi.o ABSOLUTE
    ../Drivers/STM32F4xx_HAL_Driver/Src/stm32f4xx_hal_tim.c 0x00000000   Number         0  stm32f4xx_hal_tim.o ABSOLUTE
    ../Drivers/STM32F4xx_HAL_Driver/Src/stm32f4xx_hal_tim_ex.c 0x00000000   Number         0  stm32f4xx_hal_tim_ex.o ABSOLUTE
    ../Drivers/STM32F4xx_HAL_Driver/Src/stm32f4xx_ll_fmc.c 0x00000000   Number         0  stm32f4xx_ll_fmc.o ABSOLUTE
    ../Src/main.c                            0x00000000   Number         0  main.o ABSOLUTE
    ../Src/stm32f4xx_hal_msp.c               0x00000000   Number         0  stm32f4xx_hal_msp.o ABSOLUTE
    ../Src/stm32f4xx_it.c                    0x00000000   Number         0  stm32f4xx_it.o ABSOLUTE
    ../clib/microlib/division.c              0x00000000   Number         0  uldiv.o ABSOLUTE
    ../clib/microlib/division.c              0x00000000   Number         0  uidiv.o ABSOLUTE
    ../clib/microlib/init/entry.s            0x00000000   Number         0  entry2.o ABSOLUTE
    ../clib/microlib/init/entry.s            0x00000000   Number         0  entry.o ABSOLUTE
    ../clib/microlib/init/entry.s            0x00000000   Number         0  entry8b.o ABSOLUTE
    ../clib/microlib/init/entry.s            0x00000000   Number         0  entry10a.o ABSOLUTE
    ../clib/microlib/init/entry.s            0x00000000   Number         0  entry9b.o ABSOLUTE
    ../clib/microlib/init/entry.s            0x00000000   Number         0  entry9a.o ABSOLUTE
    ../clib/microlib/init/entry.s            0x00000000   Number         0  entry11b.o ABSOLUTE
    ../clib/microlib/init/entry.s            0x00000000   Number         0  entry8a.o ABSOLUTE
    ../clib/microlib/init/entry.s            0x00000000   Number         0  entry11a.o ABSOLUTE
    ../clib/microlib/init/entry.s            0x00000000   Number         0  entry7b.o ABSOLUTE
    ../clib/microlib/init/entry.s            0x00000000   Number         0  entry7a.o ABSOLUTE
    ../clib/microlib/init/entry.s            0x00000000   Number         0  entry10b.o ABSOLUTE
    ../clib/microlib/init/entry.s            0x00000000   Number         0  entry5.o ABSOLUTE
    ../clib/microlib/longlong.c              0x00000000   Number         0  llsshr.o ABSOLUTE
    ../clib/microlib/longlong.c              0x00000000   Number         0  llshl.o ABSOLUTE
    ../clib/microlib/longlong.c              0x00000000   Number         0  llushr.o ABSOLUTE
    ../clib/microlib/malloc/calloc.c         0x00000000   Number         0  calloc.o ABSOLUTE
    ../clib/microlib/malloc/malloc.c         0x00000000   Number         0  mallocr.o ABSOLUTE
    ../clib/microlib/malloc/malloc.c         0x00000000   Number         0  malloca.o ABSOLUTE
    ../clib/microlib/malloc/malloc.c         0x00000000   Number         0  malloc.o ABSOLUTE
    ../clib/microlib/malloc/malloc.c         0x00000000   Number         0  mallocra.o ABSOLUTE
    ../clib/microlib/malloc/mvars.c          0x00000000   Number         0  mvars.o ABSOLUTE
    ../clib/microlib/printf/printf.c         0x00000000   Number         0  printf8.o ABSOLUTE
    ../clib/microlib/printf/printf.c         0x00000000   Number         0  printf7.o ABSOLUTE
    ../clib/microlib/printf/printf.c         0x00000000   Number         0  printf6.o ABSOLUTE
    ../clib/microlib/printf/printf.c         0x00000000   Number         0  printf5.o ABSOLUTE
    ../clib/microlib/printf/printf.c         0x00000000   Number         0  printf4.o ABSOLUTE
    ../clib/microlib/printf/printf.c         0x00000000   Number         0  printf3.o ABSOLUTE
    ../clib/microlib/printf/printf.c         0x00000000   Number         0  printf2.o ABSOLUTE
    ../clib/microlib/printf/printf.c         0x00000000   Number         0  printf1.o ABSOLUTE
    ../clib/microlib/printf/printf.c         0x00000000   Number         0  printf0.o ABSOLUTE
    ../clib/microlib/printf/printf.c         0x00000000   Number         0  printfb.o ABSOLUTE
    ../clib/microlib/printf/printf.c         0x00000000   Number         0  printfa.o ABSOLUTE
    ../clib/microlib/printf/stubs.s          0x00000000   Number         0  stubs.o ABSOLUTE
    ../clib/microlib/stdio/fputc.c           0x00000000   Number         0  fputc.o ABSOLUTE
    ../clib/microlib/stdio/semi.s            0x00000000   Number         0  semi.o ABSOLUTE
    ../clib/microlib/stdio/streams.c         0x00000000   Number         0  stdout.o ABSOLUTE
    ../clib/microlib/string/memcpy.c         0x00000000   Number         0  memcpyb.o ABSOLUTE
    ../clib/microlib/string/memcpy.c         0x00000000   Number         0  memcpya.o ABSOLUTE
    ../clib/microlib/string/strncpy.c        0x00000000   Number         0  strncpy.o ABSOLUTE
    ../clib/microlib/stubs.s                 0x00000000   Number         0  iusesemip.o ABSOLUTE
    ../clib/microlib/stubs.s                 0x00000000   Number         0  iusefp.o ABSOLUTE
    ../fplib/microlib/d2f.c                  0x00000000   Number         0  d2f.o ABSOLUTE
    ../fplib/microlib/f2d.c                  0x00000000   Number         0  f2d.o ABSOLUTE
    ../fplib/microlib/fpadd.c                0x00000000   Number         0  dadd.o ABSOLUTE
    ../fplib/microlib/fpdiv.c                0x00000000   Number         0  ddiv.o ABSOLUTE
    ../fplib/microlib/fpepilogue.c           0x00000000   Number         0  depilogue.o ABSOLUTE
    ../fplib/microlib/fpepilogue.c           0x00000000   Number         0  fepilogue.o ABSOLUTE
    ../fplib/microlib/fpfix.c                0x00000000   Number         0  dfixul.o ABSOLUTE
    ../fplib/microlib/fpflt.c                0x00000000   Number         0  dfltui.o ABSOLUTE
    ../fplib/microlib/fpmul.c                0x00000000   Number         0  dmul.o ABSOLUTE
    ..\Drivers\BSP\Components\ili9341\ili9341.c 0x00000000   Number         0  ili9341.o ABSOLUTE
    ..\Drivers\BSP\STM32F429I-Discovery\stm32f429i_discovery.c 0x00000000   Number         0  stm32f429i_discovery.o ABSOLUTE
    ..\Drivers\BSP\STM32F429I-Discovery\stm32f429i_discovery_lcd.c 0x00000000   Number         0  stm32f429i_discovery_lcd.o ABSOLUTE
    ..\Drivers\BSP\STM32F429I-Discovery\stm32f429i_discovery_sdram.c 0x00000000   Number         0  stm32f429i_discovery_sdram.o ABSOLUTE
    ..\Drivers\CMSIS\\Device\ST\STM32F4xx\Source\Templates\system_stm32f4xx.c 0x00000000   Number         0  system_stm32f4xx.o ABSOLUTE
    ..\Drivers\STM32F4xx_HAL_Driver\Src\stm32f4xx_hal.c 0x00000000   Number         0  stm32f4xx_hal.o ABSOLUTE
    ..\Drivers\STM32F4xx_HAL_Driver\Src\stm32f4xx_hal_cortex.c 0x00000000   Number         0  stm32f4xx_hal_cortex.o ABSOLUTE
    ..\Drivers\STM32F4xx_HAL_Driver\Src\stm32f4xx_hal_dma.c 0x00000000   Number         0  stm32f4xx_hal_dma.o ABSOLUTE
    ..\Drivers\STM32F4xx_HAL_Driver\Src\stm32f4xx_hal_dma2d.c 0x00000000   Number         0  stm32f4xx_hal_dma2d.o ABSOLUTE
    ..\Drivers\STM32F4xx_HAL_Driver\Src\stm32f4xx_hal_dma_ex.c 0x00000000   Number         0  stm32f4xx_hal_dma_ex.o ABSOLUTE
    ..\Drivers\STM32F4xx_HAL_Driver\Src\stm32f4xx_hal_dsi.c 0x00000000   Number         0  stm32f4xx_hal_dsi.o ABSOLUTE
    ..\Drivers\STM32F4xx_HAL_Driver\Src\stm32f4xx_hal_flash.c 0x00000000   Number         0  stm32f4xx_hal_flash.o ABSOLUTE
    ..\Drivers\STM32F4xx_HAL_Driver\Src\stm32f4xx_hal_flash_ex.c 0x00000000   Number         0  stm32f4xx_hal_flash_ex.o ABSOLUTE
    ..\Drivers\STM32F4xx_HAL_Driver\Src\stm32f4xx_hal_flash_ramfunc.c 0x00000000   Number         0  stm32f4xx_hal_flash_ramfunc.o ABSOLUTE
    ..\Drivers\STM32F4xx_HAL_Driver\Src\stm32f4xx_hal_gpio.c 0x00000000   Number         0  stm32f4xx_hal_gpio.o ABSOLUTE
    ..\Drivers\STM32F4xx_HAL_Driver\Src\stm32f4xx_hal_i2c.c 0x00000000   Number         0  stm32f4xx_hal_i2c.o ABSOLUTE
    ..\Drivers\STM32F4xx_HAL_Driver\Src\stm32f4xx_hal_i2c_ex.c 0x00000000   Number         0  stm32f4xx_hal_i2c_ex.o ABSOLUTE
    ..\Drivers\STM32F4xx_HAL_Driver\Src\stm32f4xx_hal_ltdc.c 0x00000000   Number         0  stm32f4xx_hal_ltdc.o ABSOLUTE
    ..\Drivers\STM32F4xx_HAL_Driver\Src\stm32f4xx_hal_ltdc_ex.c 0x00000000   Number         0  stm32f4xx_hal_ltdc_ex.o ABSOLUTE
    ..\Drivers\STM32F4xx_HAL_Driver\Src\stm32f4xx_hal_pwr.c 0x00000000   Number         0  stm32f4xx_hal_pwr.o ABSOLUTE
    ..\Drivers\STM32F4xx_HAL_Driver\Src\stm32f4xx_hal_pwr_ex.c 0x00000000   Number         0  stm32f4xx_hal_pwr_ex.o ABSOLUTE
    ..\Drivers\STM32F4xx_HAL_Driver\Src\stm32f4xx_hal_rcc.c 0x00000000   Number         0  stm32f4xx_hal_rcc.o ABSOLUTE
    ..\Drivers\STM32F4xx_HAL_Driver\Src\stm32f4xx_hal_rcc_ex.c 0x00000000   Number         0  stm32f4xx_hal_rcc_ex.o ABSOLUTE
    ..\Drivers\STM32F4xx_HAL_Driver\Src\stm32f4xx_hal_sdram.c 0x00000000   Number         0  stm32f4xx_hal_sdram.o ABSOLUTE
    ..\Drivers\STM32F4xx_HAL_Driver\Src\stm32f4xx_hal_spi.c 0x00000000   Number         0  stm32f4xx_hal_spi.o ABSOLUTE
    ..\Drivers\STM32F4xx_HAL_Driver\Src\stm32f4xx_hal_tim.c 0x00000000   Number         0  stm32f4xx_hal_tim.o ABSOLUTE
    ..\Drivers\STM32F4xx_HAL_Driver\Src\stm32f4xx_hal_tim_ex.c 0x00000000   Number         0  stm32f4xx_hal_tim_ex.o ABSOLUTE
    ..\Drivers\STM32F4xx_HAL_Driver\Src\stm32f4xx_ll_fmc.c 0x00000000   Number         0  stm32f4xx_ll_fmc.o ABSOLUTE
    ..\Src\main.c                            0x00000000   Number         0  main.o ABSOLUTE
    ..\Src\stm32f4xx_hal_msp.c               0x00000000   Number         0  stm32f4xx_hal_msp.o ABSOLUTE
    ..\Src\stm32f4xx_it.c                    0x00000000   Number         0  stm32f4xx_it.o ABSOLUTE
    ..\\Drivers\\BSP\\STM32F429I-Discovery\\stm32f429i_discovery.c 0x00000000   Number         0  stm32f429i_discovery.o ABSOLUTE
    ..\\Drivers\\BSP\\STM32F429I-Discovery\\stm32f429i_discovery_lcd.c 0x00000000   Number         0  stm32f429i_discovery_lcd.o ABSOLUTE
    ..\\Drivers\\BSP\\STM32F429I-Discovery\\stm32f429i_discovery_sdram.c 0x00000000   Number         0  stm32f429i_discovery_sdram.o ABSOLUTE
    Digital_Filter\D_Filter.c                0x00000000   Number         0  d_filter.o ABSOLUTE
    Digital_Filter\\D_Filter.c               0x00000000   Number         0  d_filter.o ABSOLUTE
    EventHandler_s_Robo1.c                   0x00000000   Number         0  eventhandler_s_robo1.o ABSOLUTE
    EventHandler_s_Robo1.c                   0x00000000   Number         0  eventhandler_s_robo1.o ABSOLUTE
    Forms_01.c                               0x00000000   Number         0  forms_01.o ABSOLUTE
    Forms_01.c                               0x00000000   Number         0  forms_01.o ABSOLUTE
    Hardware\HW_Internal_STM32F429.c         0x00000000   Number         0  hw_internal_stm32f429.o ABSOLUTE
    Hardware\HW_Robo1.c                      0x00000000   Number         0  hw_robo1.o ABSOLUTE
    Hardware\\HW_Internal_STM32F429.c        0x00000000   Number         0  hw_internal_stm32f429.o ABSOLUTE
    Hardware\\HW_Robo1.c                     0x00000000   Number         0  hw_robo1.o ABSOLUTE
    cdrcmple.s                               0x00000000   Number         0  cdrcmple.o ABSOLUTE
    dc.s                                     0x00000000   Number         0  dc.o ABSOLUTE
    handlers.s                               0x00000000   Number         0  handlers.o ABSOLUTE
    init.s                                   0x00000000   Number         0  init.o ABSOLUTE
    mlx90614BCC.c                            0x00000000   Number         0  mlx90614bcc.o ABSOLUTE
    startup_stm32f429xx.s                    0x00000000   Number         0  startup_stm32f429xx.o ABSOLUTE
    RESET                                    0x08000000   Section      428  startup_stm32f429xx.o(RESET)
    .ARM.Collect$$$$00000000                 0x080001ac   Section        0  entry.o(.ARM.Collect$$$$00000000)
    .ARM.Collect$$$$00000001                 0x080001ac   Section        4  entry2.o(.ARM.Collect$$$$00000001)
    .ARM.Collect$$$$00000004                 0x080001b0   Section        4  entry5.o(.ARM.Collect$$$$00000004)
    .ARM.Collect$$$$00000008                 0x080001b4   Section        0  entry7b.o(.ARM.Collect$$$$00000008)
    .ARM.Collect$$$$0000000A                 0x080001b4   Section        0  entry8b.o(.ARM.Collect$$$$0000000A)
    .ARM.Collect$$$$0000000B                 0x080001b4   Section        8  entry9a.o(.ARM.Collect$$$$0000000B)
    .ARM.Collect$$$$0000000D                 0x080001bc   Section        0  entry10a.o(.ARM.Collect$$$$0000000D)
    .ARM.Collect$$$$0000000F                 0x080001bc   Section        0  entry11a.o(.ARM.Collect$$$$0000000F)
    .ARM.Collect$$$$00002712                 0x080001bc   Section        4  entry2.o(.ARM.Collect$$$$00002712)
    __lit__00000000                          0x080001bc   Data           4  entry2.o(.ARM.Collect$$$$00002712)
    .text                                    0x080001c0   Section       36  startup_stm32f429xx.o(.text)
    $v0                                      0x080001c0   Number         0  startup_stm32f429xx.o(.text)
    .text                                    0x080001e4   Section        0  strncpy.o(.text)
    .text                                    0x080001fc   Section        0  calloc.o(.text)
    .text                                    0x08000218   Section        0  dadd.o(.text)
    .text                                    0x08000366   Section        0  dmul.o(.text)
    .text                                    0x0800044a   Section        0  dfltui.o(.text)
    .text                                    0x08000464   Section        0  f2d.o(.text)
    .text                                    0x0800048a   Section        0  d2f.o(.text)
    .text                                    0x080004c2   Section        0  uidiv.o(.text)
    .text                                    0x080004ee   Section        0  uldiv.o(.text)
    .text                                    0x08000550   Section        0  llshl.o(.text)
    .text                                    0x0800056e   Section        0  llsshr.o(.text)
    .text                                    0x08000592   Section        0  fepilogue.o(.text)
    .text                                    0x08000592   Section        0  iusefp.o(.text)
    .text                                    0x08000600   Section        0  depilogue.o(.text)
    .text                                    0x080006ba   Section        0  ddiv.o(.text)
    .text                                    0x08000798   Section        0  dfixul.o(.text)
    .text                                    0x080007c8   Section       48  cdrcmple.o(.text)
    .text                                    0x080007f8   Section       36  init.o(.text)
    .text                                    0x0800081c   Section        0  llushr.o(.text)
    i.BSP_LCD_SelectLayer                    0x0800083c   Section        0  stm32f429i_discovery_lcd.o(i.BSP_LCD_SelectLayer)
    i.BSP_LCD_SetLayerVisible                0x08000848   Section        0  stm32f429i_discovery_lcd.o(i.BSP_LCD_SetLayerVisible)
    i.Complementary_Filter_Iter              0x08000874   Section        0  d_filter.o(i.Complementary_Filter_Iter)
    i.DMA2D_IRQHandler                       0x08000894   Section        0  stm32f4xx_it.o(i.DMA2D_IRQHandler)
    i.DSV_Draw_wind                          0x080008b4   Section        0  forms_01.o(i.DSV_Draw_wind)
    i.DSV_Draw_wind_init                     0x0800091c   Section        0  forms_01.o(i.DSV_Draw_wind_init)
    i.DSV_Revers_2_bytes                     0x0800095c   Section        0  hw_robo1.o(i.DSV_Revers_2_bytes)
    i.Eevent_Collector                       0x08000968   Section        0  eventhandler_s_robo1.o(i.Eevent_Collector)
    i.EventHandler                           0x080009c4   Section        0  eventhandler_s_robo1.o(i.EventHandler)
    i.Event_init                             0x08000a48   Section        0  eventhandler_s_robo1.o(i.Event_init)
    i.Form01_SetText00                       0x08000a90   Section        0  forms_01.o(i.Form01_SetText00)
    i.Form01_SetText01                       0x08000aa0   Section        0  forms_01.o(i.Form01_SetText01)
    i.Form01_Set_Mode                        0x08000ab0   Section        0  forms_01.o(i.Form01_Set_Mode)
    i.Get_Data_Status                        0x08000abc   Section        0  hw_robo1.o(i.Get_Data_Status)
    i.Get_T_sensor_data                      0x08000ac0   Section        0  hw_robo1.o(i.Get_T_sensor_data)
    i.Get_Tim06_ch                           0x08000b58   Section        0  hw_internal_stm32f429.o(i.Get_Tim06_ch)
    i.Get_Tim09_ch                           0x08000b68   Section        0  hw_internal_stm32f429.o(i.Get_Tim09_ch)
    i.HAL_DMA2D_CLUTLoadingCpltCallback      0x08000b78   Section        0  stm32f4xx_hal_dma2d.o(i.HAL_DMA2D_CLUTLoadingCpltCallback)
    i.HAL_DMA2D_IRQHandler                   0x08000b7a   Section        0  stm32f4xx_hal_dma2d.o(i.HAL_DMA2D_IRQHandler)
    i.HAL_DMA2D_LineEventCallback            0x08000c98   Section        0  stm32f4xx_hal_dma2d.o(i.HAL_DMA2D_LineEventCallback)
    i.HAL_GPIO_TogglePin                     0x08000c9a   Section        0  stm32f4xx_hal_gpio.o(i.HAL_GPIO_TogglePin)
    i.HAL_GPIO_WritePin                      0x08000ca2   Section        0  stm32f4xx_hal_gpio.o(i.HAL_GPIO_WritePin)
    i.HAL_GetTick                            0x08000cac   Section        0  stm32f4xx_hal.o(i.HAL_GetTick)
    i.HAL_I2C_Mem_Read                       0x08000cb8   Section        0  stm32f4xx_hal_i2c.o(i.HAL_I2C_Mem_Read)
    i.HAL_IncTick                            0x08000ea4   Section        0  stm32f4xx_hal.o(i.HAL_IncTick)
    i.HAL_LTDC_ErrorCallback                 0x08000eb4   Section        0  stm32f4xx_hal_ltdc.o(i.HAL_LTDC_ErrorCallback)
    i.HAL_LTDC_IRQHandler                    0x08000eb6   Section        0  stm32f4xx_hal_ltdc.o(i.HAL_LTDC_IRQHandler)
    i.HAL_LTDC_LineEventCallback             0x08000f84   Section        0  stm32f4xx_hal_ltdc.o(i.HAL_LTDC_LineEventCallback)
    i.HAL_LTDC_ReloadEventCallback           0x08000f86   Section        0  stm32f4xx_hal_ltdc.o(i.HAL_LTDC_ReloadEventCallback)
    i.HAL_NVIC_EnableIRQ                     0x08000f88   Section        0  stm32f4xx_hal_cortex.o(i.HAL_NVIC_EnableIRQ)
    i.HAL_NVIC_SetPriority                   0x08000fa0   Section        0  stm32f4xx_hal_cortex.o(i.HAL_NVIC_SetPriority)
    i.HAL_SYSTICK_Callback                   0x08000fe0   Section        0  stm32f4xx_hal_cortex.o(i.HAL_SYSTICK_Callback)
    i.HAL_SYSTICK_IRQHandler                 0x08000fe2   Section        0  stm32f4xx_hal_cortex.o(i.HAL_SYSTICK_IRQHandler)
    i.HAL_TIMEx_BreakCallback                0x08000fea   Section        0  stm32f4xx_hal_tim_ex.o(i.HAL_TIMEx_BreakCallback)
    i.HAL_TIMEx_CommutationCallback          0x08000fec   Section        0  stm32f4xx_hal_tim_ex.o(i.HAL_TIMEx_CommutationCallback)
    i.HAL_TIMEx_MasterConfigSynchronization  0x08000fee   Section        0  stm32f4xx_hal_tim_ex.o(i.HAL_TIMEx_MasterConfigSynchronization)
    i.HAL_TIM_Base_Init                      0x0800103e   Section        0  stm32f4xx_hal_tim.o(i.HAL_TIM_Base_Init)
    i.HAL_TIM_Base_MspInit                   0x08001074   Section        0  stm32f4xx_hal_msp.o(i.HAL_TIM_Base_MspInit)
    i.HAL_TIM_Base_Start_IT                  0x080010dc   Section        0  stm32f4xx_hal_tim.o(i.HAL_TIM_Base_Start_IT)
    i.HAL_TIM_ConfigClockSource              0x080010f4   Section        0  stm32f4xx_hal_tim.o(i.HAL_TIM_ConfigClockSource)
    i.HAL_TIM_IC_CaptureCallback             0x080011e6   Section        0  stm32f4xx_hal_tim.o(i.HAL_TIM_IC_CaptureCallback)
    i.HAL_TIM_IRQHandler                     0x080011e8   Section        0  stm32f4xx_hal_tim.o(i.HAL_TIM_IRQHandler)
    i.HAL_TIM_OC_ConfigChannel               0x0800134e   Section        0  stm32f4xx_hal_tim.o(i.HAL_TIM_OC_ConfigChannel)
    i.HAL_TIM_OC_DelayElapsedCallback        0x080013a4   Section        0  stm32f4xx_hal_tim.o(i.HAL_TIM_OC_DelayElapsedCallback)
    i.HAL_TIM_OC_Init                        0x080013a6   Section        0  stm32f4xx_hal_tim.o(i.HAL_TIM_OC_Init)
    i.HAL_TIM_OC_MspInit                     0x080013dc   Section        0  stm32f4xx_hal_tim.o(i.HAL_TIM_OC_MspInit)
    i.HAL_TIM_PWM_PulseFinishedCallback      0x080013de   Section        0  stm32f4xx_hal_tim.o(i.HAL_TIM_PWM_PulseFinishedCallback)
    i.HAL_TIM_PeriodElapsedCallback          0x080013e0   Section        0  stm32f4xx_hal_tim.o(i.HAL_TIM_PeriodElapsedCallback)
    i.HAL_TIM_TriggerCallback                0x080013e2   Section        0  stm32f4xx_hal_tim.o(i.HAL_TIM_TriggerCallback)
    i.HW_Internal_STM32F429_Init             0x080013e4   Section        0  hw_internal_stm32f429.o(i.HW_Internal_STM32F429_Init)
    i.I2C_IsAcknowledgeFailed                0x0800143c   Section        0  stm32f4xx_hal_i2c.o(i.I2C_IsAcknowledgeFailed)
    I2C_IsAcknowledgeFailed                  0x0800143d   Thumb Code    40  stm32f4xx_hal_i2c.o(i.I2C_IsAcknowledgeFailed)
    i.I2C_RequestMemoryRead                  0x08001464   Section        0  stm32f4xx_hal_i2c.o(i.I2C_RequestMemoryRead)
    I2C_RequestMemoryRead                    0x08001465   Thumb Code   240  stm32f4xx_hal_i2c.o(i.I2C_RequestMemoryRead)
    i.I2C_WaitOnFlagUntilTimeout             0x08001554   Section        0  stm32f4xx_hal_i2c.o(i.I2C_WaitOnFlagUntilTimeout)
    I2C_WaitOnFlagUntilTimeout               0x08001555   Thumb Code    96  stm32f4xx_hal_i2c.o(i.I2C_WaitOnFlagUntilTimeout)
    i.I2C_WaitOnMasterAddressFlagUntilTimeout 0x080015b4   Section        0  stm32f4xx_hal_i2c.o(i.I2C_WaitOnMasterAddressFlagUntilTimeout)
    I2C_WaitOnMasterAddressFlagUntilTimeout  0x080015b5   Thumb Code   136  stm32f4xx_hal_i2c.o(i.I2C_WaitOnMasterAddressFlagUntilTimeout)
    i.I2C_WaitOnRXNEFlagUntilTimeout         0x0800163c   Section        0  stm32f4xx_hal_i2c.o(i.I2C_WaitOnRXNEFlagUntilTimeout)
    I2C_WaitOnRXNEFlagUntilTimeout           0x0800163d   Thumb Code    98  stm32f4xx_hal_i2c.o(i.I2C_WaitOnRXNEFlagUntilTimeout)
    i.I2C_WaitOnTXEFlagUntilTimeout          0x0800169e   Section        0  stm32f4xx_hal_i2c.o(i.I2C_WaitOnTXEFlagUntilTimeout)
    I2C_WaitOnTXEFlagUntilTimeout            0x0800169f   Thumb Code    78  stm32f4xx_hal_i2c.o(i.I2C_WaitOnTXEFlagUntilTimeout)
    i.LTDC_ER_IRQHandler                     0x080016ec   Section        0  stm32f4xx_it.o(i.LTDC_ER_IRQHandler)
    i.LTDC_IRQHandler                        0x08001704   Section        0  stm32f4xx_it.o(i.LTDC_IRQHandler)
    i.MLX90614_RamRead                       0x0800175c   Section        0  hw_robo1.o(i.MLX90614_RamRead)
    i.MX_TIM9_Init                           0x0800177c   Section        0  hw_internal_stm32f429.o(i.MX_TIM9_Init)
    MX_TIM9_Init                             0x0800177d   Thumb Code   104  hw_internal_stm32f429.o(i.MX_TIM9_Init)
    i.NVIC_SetPriority                       0x080017ec   Section        0  stm32f4xx_hal_cortex.o(i.NVIC_SetPriority)
    NVIC_SetPriority                         0x080017ed   Thumb Code    32  stm32f4xx_hal_cortex.o(i.NVIC_SetPriority)
    i.PendSV_Handler                         0x0800180c   Section        0  stm32f4xx_it.o(i.PendSV_Handler)
    i.SVC_Handler                            0x0800180e   Section        0  stm32f4xx_it.o(i.SVC_Handler)
    i.SysTick_Handler                        0x08001810   Section        0  stm32f4xx_it.o(i.SysTick_Handler)
    i.SystemInit                             0x08001820   Section        0  system_stm32f4xx.o(i.SystemInit)
    i.TIM1_BRK_TIM9_IRQHandler               0x08001874   Section        0  stm32f4xx_it.o(i.TIM1_BRK_TIM9_IRQHandler)
    i.TIM6_DAC_IRQHandler                    0x0800189c   Section        0  stm32f4xx_it.o(i.TIM6_DAC_IRQHandler)
    i.TIM_Base_SetConfig                     0x080018c4   Section        0  stm32f4xx_hal_tim.o(i.TIM_Base_SetConfig)
    i.TIM_ETR_SetConfig                      0x08001984   Section        0  stm32f4xx_hal_tim.o(i.TIM_ETR_SetConfig)
    TIM_ETR_SetConfig                        0x08001985   Thumb Code    20  stm32f4xx_hal_tim.o(i.TIM_ETR_SetConfig)
    i.TIM_ITRx_SetConfig                     0x08001998   Section        0  stm32f4xx_hal_tim.o(i.TIM_ITRx_SetConfig)
    TIM_ITRx_SetConfig                       0x08001999   Thumb Code    16  stm32f4xx_hal_tim.o(i.TIM_ITRx_SetConfig)
    i.TIM_OC1_SetConfig                      0x080019a8   Section        0  stm32f4xx_hal_tim.o(i.TIM_OC1_SetConfig)
    TIM_OC1_SetConfig                        0x080019a9   Thumb Code    80  stm32f4xx_hal_tim.o(i.TIM_OC1_SetConfig)
    i.TIM_OC2_SetConfig                      0x08001a00   Section        0  stm32f4xx_hal_tim.o(i.TIM_OC2_SetConfig)
    i.TIM_OC3_SetConfig                      0x08001a64   Section        0  stm32f4xx_hal_tim.o(i.TIM_OC3_SetConfig)
    TIM_OC3_SetConfig                        0x08001a65   Thumb Code    88  stm32f4xx_hal_tim.o(i.TIM_OC3_SetConfig)
    i.TIM_OC4_SetConfig                      0x08001ac4   Section        0  stm32f4xx_hal_tim.o(i.TIM_OC4_SetConfig)
    TIM_OC4_SetConfig                        0x08001ac5   Thumb Code    70  stm32f4xx_hal_tim.o(i.TIM_OC4_SetConfig)
    i.TIM_TI1_ConfigInputStage               0x08001b14   Section        0  stm32f4xx_hal_tim.o(i.TIM_TI1_ConfigInputStage)
    TIM_TI1_ConfigInputStage                 0x08001b15   Thumb Code    34  stm32f4xx_hal_tim.o(i.TIM_TI1_ConfigInputStage)
    i.TIM_TI2_ConfigInputStage               0x08001b36   Section        0  stm32f4xx_hal_tim.o(i.TIM_TI2_ConfigInputStage)
    TIM_TI2_ConfigInputStage                 0x08001b37   Thumb Code    36  stm32f4xx_hal_tim.o(i.TIM_TI2_ConfigInputStage)
    i.__0sprintf                             0x08001b5c   Section        0  printfa.o(i.__0sprintf)
    i.__scatterload_copy                     0x08001b84   Section       14  handlers.o(i.__scatterload_copy)
    i.__scatterload_null                     0x08001b92   Section        2  handlers.o(i.__scatterload_null)
    i.__scatterload_zeroinit                 0x08001b94   Section       14  handlers.o(i.__scatterload_zeroinit)
    i._fp_digits                             0x08001ba4   Section        0  printfa.o(i._fp_digits)
    _fp_digits                               0x08001ba5   Thumb Code   334  printfa.o(i._fp_digits)
    i._printf_core                           0x08001d08   Section        0  printfa.o(i._printf_core)
    _printf_core                             0x08001d09   Thumb Code  1744  printfa.o(i._printf_core)
    i._printf_post_padding                   0x080023e4   Section        0  printfa.o(i._printf_post_padding)
    _printf_post_padding                     0x080023e5   Thumb Code    36  printfa.o(i._printf_post_padding)
    i._printf_pre_padding                    0x08002408   Section        0  printfa.o(i._printf_pre_padding)
    _printf_pre_padding                      0x08002409   Thumb Code    46  printfa.o(i._printf_pre_padding)
    i._sputc                                 0x08002436   Section        0  printfa.o(i._sputc)
    _sputc                                   0x08002437   Thumb Code    10  printfa.o(i._sputc)
    i.convert_T_sensor_data                  0x08002440   Section        0  hw_robo1.o(i.convert_T_sensor_data)
    i.main                                   0x08002484   Section        0  main.o(i.main)
    i.malloc                                 0x0800249c   Section        0  malloc.o(i.malloc)
    .constdata                               0x08002508   Section     6840  stm32f429i_discovery_lcd.o(.constdata)
    .data                                    0x20000000   Section        8  stm32f4xx_it.o(.data)
    Request_Ch_Layer                         0x20000000   Data           1  stm32f4xx_it.o(.data)
    ActiveLayer                              0x20000004   Data           4  stm32f4xx_it.o(.data)
    .data                                    0x20000008   Section        8  forms_01.o(.data)
    .data                                    0x20000010   Section        4  stm32f4xx_hal.o(.data)
    .data                                    0x20000014   Section       16  stm32f429i_discovery_lcd.o(.data)
    ActiveLayer                              0x20000014   Data           4  stm32f429i_discovery_lcd.o(.data)
    .data                                    0x20000024   Section        2  hw_internal_stm32f429.o(.data)
    .data                                    0x20000028   Section        4  eventhandler_s_robo1.o(.data)
    .data                                    0x2000002c   Section        4  mvars.o(.data)
    .data                                    0x20000030   Section        4  mvars.o(.data)
    .bss                                     0x20000034   Section       20  forms_01.o(.bss)
    .bss                                     0x20000048   Section      304  stm32f429i_discovery_lcd.o(.bss)
    Dma2dHandler                             0x200000f0   Data          64  stm32f429i_discovery_lcd.o(.bss)
    PeriphClkInitStruct                      0x20000130   Data          48  stm32f429i_discovery_lcd.o(.bss)
    DrawProp                                 0x20000160   Data          24  stm32f429i_discovery_lcd.o(.bss)
    .bss                                     0x20000178   Section      456  hw_robo1.o(.bss)
    .bss                                     0x20000340   Section      120  hw_internal_stm32f429.o(.bss)
    .bss                                     0x200003b8   Section       64  eventhandler_s_robo1.o(.bss)
    HEAP                                     0x200003f8   Section      512  startup_stm32f429xx.o(HEAP)
    STACK                                    0x200005f8   Section     1024  startup_stm32f429xx.o(STACK)

    Global Symbols

    Symbol Name                              Value     Ov Type        Size  Object(Section)

    BuildAttributes$$THM_ISAv4$E$P$D$K$B$S$7EM$VFPi3$EXTD16$VFPS$VFMA$PE$A:L22UL41UL21$X:L11$S22US41US21$IEEE1$IW$USESV6$~STKCKD$USESV7$~SHL$OTIME$ROPI$EBA8$MICROLIB$REQ8$PRES8$EABIv2 0x00000000   Number         0  anon$$obj.o ABSOLUTE
    __ARM_use_no_argv                        0x00000000   Number         0  main.o ABSOLUTE
    _printf_a                                0x00000000   Number         0  stubs.o ABSOLUTE
    _printf_c                                0x00000000   Number         0  stubs.o ABSOLUTE
    _printf_charcount                        0x00000000   Number         0  stubs.o ABSOLUTE
    _printf_d                                0x00000000   Number         0  stubs.o ABSOLUTE
    _printf_e                                0x00000000   Number         0  stubs.o ABSOLUTE
    _printf_f                                0x00000000   Number         0  stubs.o ABSOLUTE
    _printf_flags                            0x00000000   Number         0  stubs.o ABSOLUTE
    _printf_fp_dec                           0x00000000   Number         0  stubs.o ABSOLUTE
    _printf_fp_hex                           0x00000000   Number         0  stubs.o ABSOLUTE
    _printf_g                                0x00000000   Number         0  stubs.o ABSOLUTE
    _printf_i                                0x00000000   Number         0  stubs.o ABSOLUTE
    _printf_int_dec                          0x00000000   Number         0  stubs.o ABSOLUTE
    _printf_l                                0x00000000   Number         0  stubs.o ABSOLUTE
    _printf_lc                               0x00000000   Number         0  stubs.o ABSOLUTE
    _printf_ll                               0x00000000   Number         0  stubs.o ABSOLUTE
    _printf_lld                              0x00000000   Number         0  stubs.o ABSOLUTE
    _printf_lli                              0x00000000   Number         0  stubs.o ABSOLUTE
    _printf_llo                              0x00000000   Number         0  stubs.o ABSOLUTE
    _printf_llu                              0x00000000   Number         0  stubs.o ABSOLUTE
    _printf_llx                              0x00000000   Number         0  stubs.o ABSOLUTE
    _printf_longlong_dec                     0x00000000   Number         0  stubs.o ABSOLUTE
    _printf_longlong_hex                     0x00000000   Number         0  stubs.o ABSOLUTE
    _printf_longlong_oct                     0x00000000   Number         0  stubs.o ABSOLUTE
    _printf_ls                               0x00000000   Number         0  stubs.o ABSOLUTE
    _printf_mbtowc                           0x00000000   Number         0  stubs.o ABSOLUTE
    _printf_n                                0x00000000   Number         0  stubs.o ABSOLUTE
    _printf_o                                0x00000000   Number         0  stubs.o ABSOLUTE
    _printf_p                                0x00000000   Number         0  stubs.o ABSOLUTE
    _printf_percent                          0x00000000   Number         0  stubs.o ABSOLUTE
    _printf_pre_padding                      0x00000000   Number         0  stubs.o ABSOLUTE
    _printf_return_value                     0x00000000   Number         0  stubs.o ABSOLUTE
    _printf_s                                0x00000000   Number         0  stubs.o ABSOLUTE
    _printf_sizespec                         0x00000000   Number         0  stubs.o ABSOLUTE
    _printf_str                              0x00000000   Number         0  stubs.o ABSOLUTE
    _printf_truncate_signed                  0x00000000   Number         0  stubs.o ABSOLUTE
    _printf_truncate_unsigned                0x00000000   Number         0  stubs.o ABSOLUTE
    _printf_u                                0x00000000   Number         0  stubs.o ABSOLUTE
    _printf_wc                               0x00000000   Number         0  stubs.o ABSOLUTE
    _printf_wctomb                           0x00000000   Number         0  stubs.o ABSOLUTE
    _printf_widthprec                        0x00000000   Number         0  stubs.o ABSOLUTE
    _printf_x                                0x00000000   Number         0  stubs.o ABSOLUTE
    __cpp_initialize__aeabi_                  - Undefined Weak Reference
    __cxa_finalize                            - Undefined Weak Reference
    __decompress                              - Undefined Weak Reference
    _clock_init                               - Undefined Weak Reference
    _microlib_exit                            - Undefined Weak Reference
    __Vectors_Size                           0x000001ac   Number         0  startup_stm32f429xx.o ABSOLUTE
    __Vectors                                0x08000000   Data           4  startup_stm32f429xx.o(RESET)
    __Vectors_End                            0x080001ac   Data           0  startup_stm32f429xx.o(RESET)
    __main                                   0x080001ad   Thumb Code     0  entry.o(.ARM.Collect$$$$00000000)
    _main_stk                                0x080001ad   Thumb Code     0  entry2.o(.ARM.Collect$$$$00000001)
    _main_scatterload                        0x080001b1   Thumb Code     0  entry5.o(.ARM.Collect$$$$00000004)
    __main_after_scatterload                 0x080001b5   Thumb Code     0  entry5.o(.ARM.Collect$$$$00000004)
    _main_clock                              0x080001b5   Thumb Code     0  entry7b.o(.ARM.Collect$$$$00000008)
    _main_cpp_init                           0x080001b5   Thumb Code     0  entry8b.o(.ARM.Collect$$$$0000000A)
    _main_init                               0x080001b5   Thumb Code     0  entry9a.o(.ARM.Collect$$$$0000000B)
    __rt_final_cpp                           0x080001bd   Thumb Code     0  entry10a.o(.ARM.Collect$$$$0000000D)
    __rt_final_exit                          0x080001bd   Thumb Code     0  entry11a.o(.ARM.Collect$$$$0000000F)
    Reset_Handler                            0x080001c1   Thumb Code     8  startup_stm32f429xx.o(.text)
    NMI_Handler                              0x080001c9   Thumb Code     2  startup_stm32f429xx.o(.text)
    HardFault_Handler                        0x080001cb   Thumb Code     2  startup_stm32f429xx.o(.text)
    MemManage_Handler                        0x080001cd   Thumb Code     2  startup_stm32f429xx.o(.text)
    BusFault_Handler                         0x080001cf   Thumb Code     2  startup_stm32f429xx.o(.text)
    UsageFault_Handler                       0x080001d1   Thumb Code     2  startup_stm32f429xx.o(.text)
    DebugMon_Handler                         0x080001d5   Thumb Code     2  startup_stm32f429xx.o(.text)
    ADC_IRQHandler                           0x080001db   Thumb Code     0  startup_stm32f429xx.o(.text)
    CAN1_RX0_IRQHandler                      0x080001db   Thumb Code     0  startup_stm32f429xx.o(.text)
    CAN1_RX1_IRQHandler                      0x080001db   Thumb Code     0  startup_stm32f429xx.o(.text)
    CAN1_SCE_IRQHandler                      0x080001db   Thumb Code     0  startup_stm32f429xx.o(.text)
    CAN1_TX_IRQHandler                       0x080001db   Thumb Code     0  startup_stm32f429xx.o(.text)
    CAN2_RX0_IRQHandler                      0x080001db   Thumb Code     0  startup_stm32f429xx.o(.text)
    CAN2_RX1_IRQHandler                      0x080001db   Thumb Code     0  startup_stm32f429xx.o(.text)
    CAN2_SCE_IRQHandler                      0x080001db   Thumb Code     0  startup_stm32f429xx.o(.text)
    CAN2_TX_IRQHandler                       0x080001db   Thumb Code     0  startup_stm32f429xx.o(.text)
    DCMI_IRQHandler                          0x080001db   Thumb Code     0  startup_stm32f429xx.o(.text)
    DMA1_Stream0_IRQHandler                  0x080001db   Thumb Code     0  startup_stm32f429xx.o(.text)
    DMA1_Stream1_IRQHandler                  0x080001db   Thumb Code     0  startup_stm32f429xx.o(.text)
    DMA1_Stream2_IRQHandler                  0x080001db   Thumb Code     0  startup_stm32f429xx.o(.text)
    DMA1_Stream3_IRQHandler                  0x080001db   Thumb Code     0  startup_stm32f429xx.o(.text)
    DMA1_Stream4_IRQHandler                  0x080001db   Thumb Code     0  startup_stm32f429xx.o(.text)
    DMA1_Stream5_IRQHandler                  0x080001db   Thumb Code     0  startup_stm32f429xx.o(.text)
    DMA1_Stream6_IRQHandler                  0x080001db   Thumb Code     0  startup_stm32f429xx.o(.text)
    DMA1_Stream7_IRQHandler                  0x080001db   Thumb Code     0  startup_stm32f429xx.o(.text)
    DMA2_Stream0_IRQHandler                  0x080001db   Thumb Code     0  startup_stm32f429xx.o(.text)
    DMA2_Stream1_IRQHandler                  0x080001db   Thumb Code     0  startup_stm32f429xx.o(.text)
    DMA2_Stream2_IRQHandler                  0x080001db   Thumb Code     0  startup_stm32f429xx.o(.text)
    DMA2_Stream3_IRQHandler                  0x080001db   Thumb Code     0  startup_stm32f429xx.o(.text)
    DMA2_Stream4_IRQHandler                  0x080001db   Thumb Code     0  startup_stm32f429xx.o(.text)
    DMA2_Stream5_IRQHandler                  0x080001db   Thumb Code     0  startup_stm32f429xx.o(.text)
    DMA2_Stream6_IRQHandler                  0x080001db   Thumb Code     0  startup_stm32f429xx.o(.text)
    DMA2_Stream7_IRQHandler                  0x080001db   Thumb Code     0  startup_stm32f429xx.o(.text)
    ETH_IRQHandler                           0x080001db   Thumb Code     0  startup_stm32f429xx.o(.text)
    ETH_WKUP_IRQHandler                      0x080001db   Thumb Code     0  startup_stm32f429xx.o(.text)
    EXTI0_IRQHandler                         0x080001db   Thumb Code     0  startup_stm32f429xx.o(.text)
    EXTI15_10_IRQHandler                     0x080001db   Thumb Code     0  startup_stm32f429xx.o(.text)
    EXTI1_IRQHandler                         0x080001db   Thumb Code     0  startup_stm32f429xx.o(.text)
    EXTI2_IRQHandler                         0x080001db   Thumb Code     0  startup_stm32f429xx.o(.text)
    EXTI3_IRQHandler                         0x080001db   Thumb Code     0  startup_stm32f429xx.o(.text)
    EXTI4_IRQHandler                         0x080001db   Thumb Code     0  startup_stm32f429xx.o(.text)
    EXTI9_5_IRQHandler                       0x080001db   Thumb Code     0  startup_stm32f429xx.o(.text)
    FLASH_IRQHandler                         0x080001db   Thumb Code     0  startup_stm32f429xx.o(.text)
    FMC_IRQHandler                           0x080001db   Thumb Code     0  startup_stm32f429xx.o(.text)
    FPU_IRQHandler                           0x080001db   Thumb Code     0  startup_stm32f429xx.o(.text)
    HASH_RNG_IRQHandler                      0x080001db   Thumb Code     0  startup_stm32f429xx.o(.text)
    I2C1_ER_IRQHandler                       0x080001db   Thumb Code     0  startup_stm32f429xx.o(.text)
    I2C1_EV_IRQHandler                       0x080001db   Thumb Code     0  startup_stm32f429xx.o(.text)
    I2C2_ER_IRQHandler                       0x080001db   Thumb Code     0  startup_stm32f429xx.o(.text)
    I2C2_EV_IRQHandler                       0x080001db   Thumb Code     0  startup_stm32f429xx.o(.text)
    I2C3_ER_IRQHandler                       0x080001db   Thumb Code     0  startup_stm32f429xx.o(.text)
    I2C3_EV_IRQHandler                       0x080001db   Thumb Code     0  startup_stm32f429xx.o(.text)
    OTG_FS_IRQHandler                        0x080001db   Thumb Code     0  startup_stm32f429xx.o(.text)
    OTG_FS_WKUP_IRQHandler                   0x080001db   Thumb Code     0  startup_stm32f429xx.o(.text)
    OTG_HS_EP1_IN_IRQHandler                 0x080001db   Thumb Code     0  startup_stm32f429xx.o(.text)
    OTG_HS_EP1_OUT_IRQHandler                0x080001db   Thumb Code     0  startup_stm32f429xx.o(.text)
    OTG_HS_IRQHandler                        0x080001db   Thumb Code     0  startup_stm32f429xx.o(.text)
    OTG_HS_WKUP_IRQHandler                   0x080001db   Thumb Code     0  startup_stm32f429xx.o(.text)
    PVD_IRQHandler                           0x080001db   Thumb Code     0  startup_stm32f429xx.o(.text)
    RCC_IRQHandler                           0x080001db   Thumb Code     0  startup_stm32f429xx.o(.text)
    RTC_Alarm_IRQHandler                     0x080001db   Thumb Code     0  startup_stm32f429xx.o(.text)
    RTC_WKUP_IRQHandler                      0x080001db   Thumb Code     0  startup_stm32f429xx.o(.text)
    SAI1_IRQHandler                          0x080001db   Thumb Code     0  startup_stm32f429xx.o(.text)
    SDIO_IRQHandler                          0x080001db   Thumb Code     0  startup_stm32f429xx.o(.text)
    SPI1_IRQHandler                          0x080001db   Thumb Code     0  startup_stm32f429xx.o(.text)
    SPI2_IRQHandler                          0x080001db   Thumb Code     0  startup_stm32f429xx.o(.text)
    SPI3_IRQHandler                          0x080001db   Thumb Code     0  startup_stm32f429xx.o(.text)
    SPI4_IRQHandler                          0x080001db   Thumb Code     0  startup_stm32f429xx.o(.text)
    SPI5_IRQHandler                          0x080001db   Thumb Code     0  startup_stm32f429xx.o(.text)
    SPI6_IRQHandler                          0x080001db   Thumb Code     0  startup_stm32f429xx.o(.text)
    TAMP_STAMP_IRQHandler                    0x080001db   Thumb Code     0  startup_stm32f429xx.o(.text)
    TIM1_CC_IRQHandler                       0x080001db   Thumb Code     0  startup_stm32f429xx.o(.text)
    TIM1_TRG_COM_TIM11_IRQHandler            0x080001db   Thumb Code     0  startup_stm32f429xx.o(.text)
    TIM1_UP_TIM10_IRQHandler                 0x080001db   Thumb Code     0  startup_stm32f429xx.o(.text)
    TIM2_IRQHandler                          0x080001db   Thumb Code     0  startup_stm32f429xx.o(.text)
    TIM3_IRQHandler                          0x080001db   Thumb Code     0  startup_stm32f429xx.o(.text)
    TIM4_IRQHandler                          0x080001db   Thumb Code     0  startup_stm32f429xx.o(.text)
    TIM5_IRQHandler                          0x080001db   Thumb Code     0  startup_stm32f429xx.o(.text)
    TIM7_IRQHandler                          0x080001db   Thumb Code     0  startup_stm32f429xx.o(.text)
    TIM8_BRK_TIM12_IRQHandler                0x080001db   Thumb Code     0  startup_stm32f429xx.o(.text)
    TIM8_CC_IRQHandler                       0x080001db   Thumb Code     0  startup_stm32f429xx.o(.text)
    TIM8_TRG_COM_TIM14_IRQHandler            0x080001db   Thumb Code     0  startup_stm32f429xx.o(.text)
    TIM8_UP_TIM13_IRQHandler                 0x080001db   Thumb Code     0  startup_stm32f429xx.o(.text)
    UART4_IRQHandler                         0x080001db   Thumb Code     0  startup_stm32f429xx.o(.text)
    UART5_IRQHandler                         0x080001db   Thumb Code     0  startup_stm32f429xx.o(.text)
    UART7_IRQHandler                         0x080001db   Thumb Code     0  startup_stm32f429xx.o(.text)
    UART8_IRQHandler                         0x080001db   Thumb Code     0  startup_stm32f429xx.o(.text)
    USART1_IRQHandler                        0x080001db   Thumb Code     0  startup_stm32f429xx.o(.text)
    USART2_IRQHandler                        0x080001db   Thumb Code     0  startup_stm32f429xx.o(.text)
    USART3_IRQHandler                        0x080001db   Thumb Code     0  startup_stm32f429xx.o(.text)
    USART6_IRQHandler                        0x080001db   Thumb Code     0  startup_stm32f429xx.o(.text)
    WWDG_IRQHandler                          0x080001db   Thumb Code     0  startup_stm32f429xx.o(.text)
    strncpy                                  0x080001e5   Thumb Code    24  strncpy.o(.text)
    calloc                                   0x080001fd   Thumb Code    28  calloc.o(.text)
    __aeabi_dadd                             0x08000219   Thumb Code   322  dadd.o(.text)
    __aeabi_dsub                             0x0800035b   Thumb Code     6  dadd.o(.text)
    __aeabi_drsub                            0x08000361   Thumb Code     6  dadd.o(.text)
    __aeabi_dmul                             0x08000367   Thumb Code   228  dmul.o(.text)
    __aeabi_ui2d                             0x0800044b   Thumb Code    26  dfltui.o(.text)
    __aeabi_f2d                              0x08000465   Thumb Code    38  f2d.o(.text)
    __aeabi_d2f                              0x0800048b   Thumb Code    56  d2f.o(.text)
    __aeabi_uidiv                            0x080004c3   Thumb Code     0  uidiv.o(.text)
    __aeabi_uidivmod                         0x080004c3   Thumb Code    44  uidiv.o(.text)
    __aeabi_uldivmod                         0x080004ef   Thumb Code    98  uldiv.o(.text)
    __aeabi_llsl                             0x08000551   Thumb Code    30  llshl.o(.text)
    _ll_shift_l                              0x08000551   Thumb Code     0  llshl.o(.text)
    __aeabi_lasr                             0x0800056f   Thumb Code    36  llsshr.o(.text)
    _ll_sshift_r                             0x0800056f   Thumb Code     0  llsshr.o(.text)
    __I$use$fp                               0x08000593   Thumb Code     0  iusefp.o(.text)
    _float_round                             0x08000593   Thumb Code    18  fepilogue.o(.text)
    _float_epilogue                          0x080005a5   Thumb Code    92  fepilogue.o(.text)
    _double_round                            0x08000601   Thumb Code    30  depilogue.o(.text)
    _double_epilogue                         0x0800061f   Thumb Code   156  depilogue.o(.text)
    __aeabi_ddiv                             0x080006bb   Thumb Code   222  ddiv.o(.text)
    __aeabi_d2ulz                            0x08000799   Thumb Code    48  dfixul.o(.text)
    __aeabi_cdrcmple                         0x080007c9   Thumb Code    48  cdrcmple.o(.text)
    __scatterload                            0x080007f9   Thumb Code    28  init.o(.text)
    __scatterload_rt2                        0x080007f9   Thumb Code     0  init.o(.text)
    __aeabi_llsr                             0x0800081d   Thumb Code    32  llushr.o(.text)
    _ll_ushift_r                             0x0800081d   Thumb Code     0  llushr.o(.text)
    BSP_LCD_SelectLayer                      0x0800083d   Thumb Code     6  stm32f429i_discovery_lcd.o(i.BSP_LCD_SelectLayer)
    BSP_LCD_SetLayerVisible                  0x08000849   Thumb Code    40  stm32f429i_discovery_lcd.o(i.BSP_LCD_SetLayerVisible)
    Complementary_Filter_Iter                0x08000875   Thumb Code    30  d_filter.o(i.Complementary_Filter_Iter)
    DMA2D_IRQHandler                         0x08000895   Thumb Code    22  stm32f4xx_it.o(i.DMA2D_IRQHandler)
    DSV_Draw_wind                            0x080008b5   Thumb Code    96  forms_01.o(i.DSV_Draw_wind)
    DSV_Draw_wind_init                       0x0800091d   Thumb Code    56  forms_01.o(i.DSV_Draw_wind_init)
    DSV_Revers_2_bytes                       0x0800095d   Thumb Code    10  hw_robo1.o(i.DSV_Revers_2_bytes)
    Eevent_Collector                         0x08000969   Thumb Code    86  eventhandler_s_robo1.o(i.Eevent_Collector)
    EventHandler                             0x080009c5   Thumb Code   116  eventhandler_s_robo1.o(i.EventHandler)
    Event_init                               0x08000a49   Thumb Code    54  eventhandler_s_robo1.o(i.Event_init)
    Form01_SetText00                         0x08000a91   Thumb Code    12  forms_01.o(i.Form01_SetText00)
    Form01_SetText01                         0x08000aa1   Thumb Code    12  forms_01.o(i.Form01_SetText01)
    Form01_Set_Mode                          0x08000ab1   Thumb Code     6  forms_01.o(i.Form01_Set_Mode)
    Get_Data_Status                          0x08000abd   Thumb Code     4  hw_robo1.o(i.Get_Data_Status)
    Get_T_sensor_data                        0x08000ac1   Thumb Code   150  hw_robo1.o(i.Get_T_sensor_data)
    Get_Tim06_ch                             0x08000b59   Thumb Code    10  hw_internal_stm32f429.o(i.Get_Tim06_ch)
    Get_Tim09_ch                             0x08000b69   Thumb Code    10  hw_internal_stm32f429.o(i.Get_Tim09_ch)
    HAL_DMA2D_CLUTLoadingCpltCallback        0x08000b79   Thumb Code     2  stm32f4xx_hal_dma2d.o(i.HAL_DMA2D_CLUTLoadingCpltCallback)
    HAL_DMA2D_IRQHandler                     0x08000b7b   Thumb Code   286  stm32f4xx_hal_dma2d.o(i.HAL_DMA2D_IRQHandler)
    HAL_DMA2D_LineEventCallback              0x08000c99   Thumb Code     2  stm32f4xx_hal_dma2d.o(i.HAL_DMA2D_LineEventCallback)
    HAL_GPIO_TogglePin                       0x08000c9b   Thumb Code     8  stm32f4xx_hal_gpio.o(i.HAL_GPIO_TogglePin)
    HAL_GPIO_WritePin                        0x08000ca3   Thumb Code    10  stm32f4xx_hal_gpio.o(i.HAL_GPIO_WritePin)
    HAL_GetTick                              0x08000cad   Thumb Code     6  stm32f4xx_hal.o(i.HAL_GetTick)
    HAL_I2C_Mem_Read                         0x08000cb9   Thumb Code   480  stm32f4xx_hal_i2c.o(i.HAL_I2C_Mem_Read)
    HAL_IncTick                              0x08000ea5   Thumb Code    10  stm32f4xx_hal.o(i.HAL_IncTick)
    HAL_LTDC_ErrorCallback                   0x08000eb5   Thumb Code     2  stm32f4xx_hal_ltdc.o(i.HAL_LTDC_ErrorCallback)
    HAL_LTDC_IRQHandler                      0x08000eb7   Thumb Code   206  stm32f4xx_hal_ltdc.o(i.HAL_LTDC_IRQHandler)
    HAL_LTDC_LineEventCallback               0x08000f85   Thumb Code     2  stm32f4xx_hal_ltdc.o(i.HAL_LTDC_LineEventCallback)
    HAL_LTDC_ReloadEventCallback             0x08000f87   Thumb Code     2  stm32f4xx_hal_ltdc.o(i.HAL_LTDC_ReloadEventCallback)
    HAL_NVIC_EnableIRQ                       0x08000f89   Thumb Code    22  stm32f4xx_hal_cortex.o(i.HAL_NVIC_EnableIRQ)
    HAL_NVIC_SetPriority                     0x08000fa1   Thumb Code    60  stm32f4xx_hal_cortex.o(i.HAL_NVIC_SetPriority)
    HAL_SYSTICK_Callback                     0x08000fe1   Thumb Code     2  stm32f4xx_hal_cortex.o(i.HAL_SYSTICK_Callback)
    HAL_SYSTICK_IRQHandler                   0x08000fe3   Thumb Code     8  stm32f4xx_hal_cortex.o(i.HAL_SYSTICK_IRQHandler)
    HAL_TIMEx_BreakCallback                  0x08000feb   Thumb Code     2  stm32f4xx_hal_tim_ex.o(i.HAL_TIMEx_BreakCallback)
    HAL_TIMEx_CommutationCallback            0x08000fed   Thumb Code     2  stm32f4xx_hal_tim_ex.o(i.HAL_TIMEx_CommutationCallback)
    HAL_TIMEx_MasterConfigSynchronization    0x08000fef   Thumb Code    80  stm32f4xx_hal_tim_ex.o(i.HAL_TIMEx_MasterConfigSynchronization)
    HAL_TIM_Base_Init                        0x0800103f   Thumb Code    54  stm32f4xx_hal_tim.o(i.HAL_TIM_Base_Init)
    HAL_TIM_Base_MspInit                     0x08001075   Thumb Code    90  stm32f4xx_hal_msp.o(i.HAL_TIM_Base_MspInit)
    HAL_TIM_Base_Start_IT                    0x080010dd   Thumb Code    24  stm32f4xx_hal_tim.o(i.HAL_TIM_Base_Start_IT)
    HAL_TIM_ConfigClockSource                0x080010f5   Thumb Code   242  stm32f4xx_hal_tim.o(i.HAL_TIM_ConfigClockSource)
    HAL_TIM_IC_CaptureCallback               0x080011e7   Thumb Code     2  stm32f4xx_hal_tim.o(i.HAL_TIM_IC_CaptureCallback)
    HAL_TIM_IRQHandler                       0x080011e9   Thumb Code   358  stm32f4xx_hal_tim.o(i.HAL_TIM_IRQHandler)
    HAL_TIM_OC_ConfigChannel                 0x0800134f   Thumb Code    86  stm32f4xx_hal_tim.o(i.HAL_TIM_OC_ConfigChannel)
    HAL_TIM_OC_DelayElapsedCallback          0x080013a5   Thumb Code     2  stm32f4xx_hal_tim.o(i.HAL_TIM_OC_DelayElapsedCallback)
    HAL_TIM_OC_Init                          0x080013a7   Thumb Code    54  stm32f4xx_hal_tim.o(i.HAL_TIM_OC_Init)
    HAL_TIM_OC_MspInit                       0x080013dd   Thumb Code     2  stm32f4xx_hal_tim.o(i.HAL_TIM_OC_MspInit)
    HAL_TIM_PWM_PulseFinishedCallback        0x080013df   Thumb Code     2  stm32f4xx_hal_tim.o(i.HAL_TIM_PWM_PulseFinishedCallback)
    HAL_TIM_PeriodElapsedCallback            0x080013e1   Thumb Code     2  stm32f4xx_hal_tim.o(i.HAL_TIM_PeriodElapsedCallback)
    HAL_TIM_TriggerCallback                  0x080013e3   Thumb Code     2  stm32f4xx_hal_tim.o(i.HAL_TIM_TriggerCallback)
    HW_Internal_STM32F429_Init               0x080013e5   Thumb Code    76  hw_internal_stm32f429.o(i.HW_Internal_STM32F429_Init)
    LTDC_ER_IRQHandler                       0x080016ed   Thumb Code    20  stm32f4xx_it.o(i.LTDC_ER_IRQHandler)
    LTDC_IRQHandler                          0x08001705   Thumb Code    74  stm32f4xx_it.o(i.LTDC_IRQHandler)
    MLX90614_RamRead                         0x0800175d   Thumb Code    26  hw_robo1.o(i.MLX90614_RamRead)
    PendSV_Handler                           0x0800180d   Thumb Code     2  stm32f4xx_it.o(i.PendSV_Handler)
    SVC_Handler                              0x0800180f   Thumb Code     2  stm32f4xx_it.o(i.SVC_Handler)
    SysTick_Handler                          0x08001811   Thumb Code    14  stm32f4xx_it.o(i.SysTick_Handler)
    SystemInit                               0x08001821   Thumb Code    66  system_stm32f4xx.o(i.SystemInit)
    TIM1_BRK_TIM9_IRQHandler                 0x08001875   Thumb Code    32  stm32f4xx_it.o(i.TIM1_BRK_TIM9_IRQHandler)
    TIM6_DAC_IRQHandler                      0x0800189d   Thumb Code    32  stm32f4xx_it.o(i.TIM6_DAC_IRQHandler)
    TIM_Base_SetConfig                       0x080018c5   Thumb Code   148  stm32f4xx_hal_tim.o(i.TIM_Base_SetConfig)
    TIM_OC2_SetConfig                        0x08001a01   Thumb Code    90  stm32f4xx_hal_tim.o(i.TIM_OC2_SetConfig)
    __0sprintf                               0x08001b5d   Thumb Code    34  printfa.o(i.__0sprintf)
    __1sprintf                               0x08001b5d   Thumb Code     0  printfa.o(i.__0sprintf)
    __2sprintf                               0x08001b5d   Thumb Code     0  printfa.o(i.__0sprintf)
    __c89sprintf                             0x08001b5d   Thumb Code     0  printfa.o(i.__0sprintf)
    sprintf                                  0x08001b5d   Thumb Code     0  printfa.o(i.__0sprintf)
    __scatterload_copy                       0x08001b85   Thumb Code    14  handlers.o(i.__scatterload_copy)
    __scatterload_null                       0x08001b93   Thumb Code     2  handlers.o(i.__scatterload_null)
    __scatterload_zeroinit                   0x08001b95   Thumb Code    14  handlers.o(i.__scatterload_zeroinit)
    convert_T_sensor_data                    0x08002441   Thumb Code    50  hw_robo1.o(i.convert_T_sensor_data)
    main                                     0x08002485   Thumb Code    22  main.o(i.main)
    malloc                                   0x0800249d   Thumb Code    92  malloc.o(i.malloc)
    Font24_Table                             0x08002508   Data        6840  stm32f429i_discovery_lcd.o(.constdata)
    Region$$Table$$Base                      0x08003fc0   Number         0  anon$$obj.o(Region$$Table)
    Region$$Table$$Limit                     0x08003fe0   Number         0  anon$$obj.o(Region$$Table)
    asdn88                                   0x20000008   Data           1  forms_01.o(.data)
    Form01_STR_out                           0x2000000c   Data           4  forms_01.o(.data)
    uwTick                                   0x20000010   Data           4  stm32f4xx_hal.o(.data)
    LcdDrv                                   0x20000018   Data           4  stm32f429i_discovery_lcd.o(.data)
    Font24                                   0x2000001c   Data           8  stm32f429i_discovery_lcd.o(.data)
    data_status_whistm32429                  0x20000024   Data           2  hw_internal_stm32f429.o(.data)
    STR_out                                  0x20000028   Data           4  eventhandler_s_robo1.o(.data)
    __microlib_freelist                      0x2000002c   Data           4  mvars.o(.data)
    __microlib_freelist_initialised          0x20000030   Data           4  mvars.o(.data)
    dsv_form_01_data                         0x20000034   Data          20  forms_01.o(.bss)
    LtdcHandler                              0x20000048   Data         168  stm32f429i_discovery_lcd.o(.bss)
    hdma2d                                   0x20000178   Data          64  hw_robo1.o(.bss)
    hi2c3                                    0x200001b8   Data          84  hw_robo1.o(.bss)
    hltdc                                    0x2000020c   Data         168  hw_robo1.o(.bss)
    hspi5                                    0x200002b4   Data          88  hw_robo1.o(.bss)
    hsdram1                                  0x2000030c   Data          52  hw_robo1.o(.bss)
    htim6                                    0x20000340   Data          60  hw_internal_stm32f429.o(.bss)
    htim9                                    0x2000037c   Data          60  hw_internal_stm32f429.o(.bss)
    event_stat_data                          0x200003b8   Data          14  eventhandler_s_robo1.o(.bss)
    D_s                                      0x200003c8   Data          48  eventhandler_s_robo1.o(.bss)
    __heap_base                              0x200003f8   Data           0  startup_stm32f429xx.o(HEAP)
    __heap_limit                             0x200005f8   Data           0  startup_stm32f429xx.o(HEAP)
    __initial_sp                             0x200009f8   Data           0  startup_stm32f429xx.o(STACK)



==============================================================================

Memory Map of the image

  Image Entry point : 0x080001ad

  Load Region LR_IROM1 (Base: 0x08000000, Size: 0x00004014, Max: 0x00200000, ABSOLUTE)

    Execution Region ER_IROM1 (Base: 0x08000000, Size: 0x00003fe0, Max: 0x00200000, ABSOLUTE)

    Base Addr    Size         Type   Attr      Idx    E Section Name        Object

    0x08000000   0x000001ac   Data   RO          470    RESET               startup_stm32f429xx.o
    0x080001ac   0x00000000   Code   RO         4868  * .ARM.Collect$$$$00000000  mc_w.l(entry.o)
    0x080001ac   0x00000004   Code   RO         5150    .ARM.Collect$$$$00000001  mc_w.l(entry2.o)
    0x080001b0   0x00000004   Code   RO         5153    .ARM.Collect$$$$00000004  mc_w.l(entry5.o)
    0x080001b4   0x00000000   Code   RO         5155    .ARM.Collect$$$$00000008  mc_w.l(entry7b.o)
    0x080001b4   0x00000000   Code   RO         5157    .ARM.Collect$$$$0000000A  mc_w.l(entry8b.o)
    0x080001b4   0x00000008   Code   RO         5158    .ARM.Collect$$$$0000000B  mc_w.l(entry9a.o)
    0x080001bc   0x00000000   Code   RO         5160    .ARM.Collect$$$$0000000D  mc_w.l(entry10a.o)
    0x080001bc   0x00000000   Code   RO         5162    .ARM.Collect$$$$0000000F  mc_w.l(entry11a.o)
    0x080001bc   0x00000004   Code   RO         5151    .ARM.Collect$$$$00002712  mc_w.l(entry2.o)
    0x080001c0   0x00000024   Code   RO          471    .text               startup_stm32f429xx.o
    0x080001e4   0x00000018   Code   RO         4873    .text               mc_w.l(strncpy.o)
    0x080001fc   0x0000001c   Code   RO         5138    .text               mc_w.l(calloc.o)
    0x08000218   0x0000014e   Code   RO         5140    .text               mf_w.l(dadd.o)
    0x08000366   0x000000e4   Code   RO         5142    .text               mf_w.l(dmul.o)
    0x0800044a   0x0000001a   Code   RO         5144    .text               mf_w.l(dfltui.o)
    0x08000464   0x00000026   Code   RO         5146    .text               mf_w.l(f2d.o)
    0x0800048a   0x00000038   Code   RO         5148    .text               mf_w.l(d2f.o)
    0x080004c2   0x0000002c   Code   RO         5167    .text               mc_w.l(uidiv.o)
    0x080004ee   0x00000062   Code   RO         5169    .text               mc_w.l(uldiv.o)
    0x08000550   0x0000001e   Code   RO         5171    .text               mc_w.l(llshl.o)
    0x0800056e   0x00000024   Code   RO         5173    .text               mc_w.l(llsshr.o)
    0x08000592   0x00000000   Code   RO         5203    .text               mc_w.l(iusefp.o)
    0x08000592   0x0000006e   Code   RO         5204    .text               mf_w.l(fepilogue.o)
    0x08000600   0x000000ba   Code   RO         5206    .text               mf_w.l(depilogue.o)
    0x080006ba   0x000000de   Code   RO         5208    .text               mf_w.l(ddiv.o)
    0x08000798   0x00000030   Code   RO         5210    .text               mf_w.l(dfixul.o)
    0x080007c8   0x00000030   Code   RO         5212    .text               mf_w.l(cdrcmple.o)
    0x080007f8   0x00000024   Code   RO         5214    .text               mc_w.l(init.o)
    0x0800081c   0x00000020   Code   RO         5217    .text               mc_w.l(llushr.o)
    0x0800083c   0x0000000c   Code   RO         4158    i.BSP_LCD_SelectLayer  stm32f429i_discovery_lcd.o
    0x08000848   0x0000002c   Code   RO         4165    i.BSP_LCD_SetLayerVisible  stm32f429i_discovery_lcd.o
    0x08000874   0x0000001e   Code   RO         4829    i.Complementary_Filter_Iter  d_filter.o
    0x08000892   0x00000002   PAD
    0x08000894   0x00000020   Code   RO            4    i.DMA2D_IRQHandler  stm32f4xx_it.o
    0x080008b4   0x00000068   Code   RO          379    i.DSV_Draw_wind     forms_01.o
    0x0800091c   0x00000040   Code   RO          380    i.DSV_Draw_wind_init  forms_01.o
    0x0800095c   0x0000000a   Code   RO         4626    i.DSV_Revers_2_bytes  hw_robo1.o
    0x08000966   0x00000002   PAD
    0x08000968   0x0000005c   Code   RO         4787    i.Eevent_Collector  eventhandler_s_robo1.o
    0x080009c4   0x00000084   Code   RO         4788    i.EventHandler      eventhandler_s_robo1.o
    0x08000a48   0x00000048   Code   RO         4789    i.Event_init        eventhandler_s_robo1.o
    0x08000a90   0x00000010   Code   RO          381    i.Form01_SetText00  forms_01.o
    0x08000aa0   0x00000010   Code   RO          382    i.Form01_SetText01  forms_01.o
    0x08000ab0   0x0000000c   Code   RO          383    i.Form01_Set_Mode   forms_01.o
    0x08000abc   0x00000004   Code   RO         4628    i.Get_Data_Status   hw_robo1.o
    0x08000ac0   0x00000096   Code   RO         4630    i.Get_T_sensor_data  hw_robo1.o
    0x08000b56   0x00000002   PAD
    0x08000b58   0x00000010   Code   RO         4734    i.Get_Tim06_ch      hw_internal_stm32f429.o
    0x08000b68   0x00000010   Code   RO         4735    i.Get_Tim09_ch      hw_internal_stm32f429.o
    0x08000b78   0x00000002   Code   RO         2585    i.HAL_DMA2D_CLUTLoadingCpltCallback  stm32f4xx_hal_dma2d.o
    0x08000b7a   0x0000011e   Code   RO         2598    i.HAL_DMA2D_IRQHandler  stm32f4xx_hal_dma2d.o
    0x08000c98   0x00000002   Code   RO         2600    i.HAL_DMA2D_LineEventCallback  stm32f4xx_hal_dma2d.o
    0x08000c9a   0x00000008   Code   RO         1726    i.HAL_GPIO_TogglePin  stm32f4xx_hal_gpio.o
    0x08000ca2   0x0000000a   Code   RO         1727    i.HAL_GPIO_WritePin  stm32f4xx_hal_gpio.o
    0x08000cac   0x0000000c   Code   RO         3045    i.HAL_GetTick       stm32f4xx_hal.o
    0x08000cb8   0x000001ec   Code   RO          505    i.HAL_I2C_Mem_Read  stm32f4xx_hal_i2c.o
    0x08000ea4   0x00000010   Code   RO         3046    i.HAL_IncTick       stm32f4xx_hal.o
    0x08000eb4   0x00000002   Code   RO         2297    i.HAL_LTDC_ErrorCallback  stm32f4xx_hal_ltdc.o
    0x08000eb6   0x000000ce   Code   RO         2300    i.HAL_LTDC_IRQHandler  stm32f4xx_hal_ltdc.o
    0x08000f84   0x00000002   Code   RO         2302    i.HAL_LTDC_LineEventCallback  stm32f4xx_hal_ltdc.o
    0x08000f86   0x00000002   Code   RO         2307    i.HAL_LTDC_ReloadEventCallback  stm32f4xx_hal_ltdc.o
    0x08000f88   0x00000016   Code   RO          879    i.HAL_NVIC_EnableIRQ  stm32f4xx_hal_cortex.o
    0x08000f9e   0x00000002   PAD
    0x08000fa0   0x00000040   Code   RO          885    i.HAL_NVIC_SetPriority  stm32f4xx_hal_cortex.o
    0x08000fe0   0x00000002   Code   RO          889    i.HAL_SYSTICK_Callback  stm32f4xx_hal_cortex.o
    0x08000fe2   0x00000008   Code   RO          891    i.HAL_SYSTICK_IRQHandler  stm32f4xx_hal_cortex.o
    0x08000fea   0x00000002   Code   RO         3418    i.HAL_TIMEx_BreakCallback  stm32f4xx_hal_tim_ex.o
    0x08000fec   0x00000002   Code   RO         3419    i.HAL_TIMEx_CommutationCallback  stm32f4xx_hal_tim_ex.o
    0x08000fee   0x00000050   Code   RO         3435    i.HAL_TIMEx_MasterConfigSynchronization  stm32f4xx_hal_tim_ex.o
    0x0800103e   0x00000036   Code   RO         1001    i.HAL_TIM_Base_Init  stm32f4xx_hal_tim.o
    0x08001074   0x00000068   Code   RO          238    i.HAL_TIM_Base_MspInit  stm32f4xx_hal_msp.o
    0x080010dc   0x00000018   Code   RO         1006    i.HAL_TIM_Base_Start_IT  stm32f4xx_hal_tim.o
    0x080010f4   0x000000f2   Code   RO         1010    i.HAL_TIM_ConfigClockSource  stm32f4xx_hal_tim.o
    0x080011e6   0x00000002   Code   RO         1030    i.HAL_TIM_IC_CaptureCallback  stm32f4xx_hal_tim.o
    0x080011e8   0x00000166   Code   RO         1043    i.HAL_TIM_IRQHandler  stm32f4xx_hal_tim.o
    0x0800134e   0x00000056   Code   RO         1044    i.HAL_TIM_OC_ConfigChannel  stm32f4xx_hal_tim.o
    0x080013a4   0x00000002   Code   RO         1046    i.HAL_TIM_OC_DelayElapsedCallback  stm32f4xx_hal_tim.o
    0x080013a6   0x00000036   Code   RO         1048    i.HAL_TIM_OC_Init   stm32f4xx_hal_tim.o
    0x080013dc   0x00000002   Code   RO         1050    i.HAL_TIM_OC_MspInit  stm32f4xx_hal_tim.o
    0x080013de   0x00000002   Code   RO         1073    i.HAL_TIM_PWM_PulseFinishedCallback  stm32f4xx_hal_tim.o
    0x080013e0   0x00000002   Code   RO         1080    i.HAL_TIM_PeriodElapsedCallback  stm32f4xx_hal_tim.o
    0x080013e2   0x00000002   Code   RO         1084    i.HAL_TIM_TriggerCallback  stm32f4xx_hal_tim.o
    0x080013e4   0x00000058   Code   RO         4736    i.HW_Internal_STM32F429_Init  hw_internal_stm32f429.o
    0x0800143c   0x00000028   Code   RO          527    i.I2C_IsAcknowledgeFailed  stm32f4xx_hal_i2c.o
    0x08001464   0x000000f0   Code   RO          536    i.I2C_RequestMemoryRead  stm32f4xx_hal_i2c.o
    0x08001554   0x00000060   Code   RO          541    i.I2C_WaitOnFlagUntilTimeout  stm32f4xx_hal_i2c.o
    0x080015b4   0x00000088   Code   RO          542    i.I2C_WaitOnMasterAddressFlagUntilTimeout  stm32f4xx_hal_i2c.o
    0x0800163c   0x00000062   Code   RO          543    i.I2C_WaitOnRXNEFlagUntilTimeout  stm32f4xx_hal_i2c.o
    0x0800169e   0x0000004e   Code   RO          544    i.I2C_WaitOnTXEFlagUntilTimeout  stm32f4xx_hal_i2c.o
    0x080016ec   0x00000018   Code   RO            5    i.LTDC_ER_IRQHandler  stm32f4xx_it.o
    0x08001704   0x00000058   Code   RO            6    i.LTDC_IRQHandler   stm32f4xx_it.o
    0x0800175c   0x00000020   Code   RO         4634    i.MLX90614_RamRead  hw_robo1.o
    0x0800177c   0x00000070   Code   RO         4737    i.MX_TIM9_Init      hw_internal_stm32f429.o
    0x080017ec   0x00000020   Code   RO          892    i.NVIC_SetPriority  stm32f4xx_hal_cortex.o
    0x0800180c   0x00000002   Code   RO            7    i.PendSV_Handler    stm32f4xx_it.o
    0x0800180e   0x00000002   Code   RO            8    i.SVC_Handler       stm32f4xx_it.o
    0x08001810   0x0000000e   Code   RO            9    i.SysTick_Handler   stm32f4xx_it.o
    0x0800181e   0x00000002   PAD
    0x08001820   0x00000054   Code   RO          435    i.SystemInit        system_stm32f4xx.o
    0x08001874   0x00000028   Code   RO           10    i.TIM1_BRK_TIM9_IRQHandler  stm32f4xx_it.o
    0x0800189c   0x00000028   Code   RO           11    i.TIM6_DAC_IRQHandler  stm32f4xx_it.o
    0x080018c4   0x000000c0   Code   RO         1085    i.TIM_Base_SetConfig  stm32f4xx_hal_tim.o
    0x08001984   0x00000014   Code   RO         1092    i.TIM_ETR_SetConfig  stm32f4xx_hal_tim.o
    0x08001998   0x00000010   Code   RO         1093    i.TIM_ITRx_SetConfig  stm32f4xx_hal_tim.o
    0x080019a8   0x00000058   Code   RO         1094    i.TIM_OC1_SetConfig  stm32f4xx_hal_tim.o
    0x08001a00   0x00000064   Code   RO         1095    i.TIM_OC2_SetConfig  stm32f4xx_hal_tim.o
    0x08001a64   0x00000060   Code   RO         1096    i.TIM_OC3_SetConfig  stm32f4xx_hal_tim.o
    0x08001ac4   0x00000050   Code   RO         1097    i.TIM_OC4_SetConfig  stm32f4xx_hal_tim.o
    0x08001b14   0x00000022   Code   RO         1099    i.TIM_TI1_ConfigInputStage  stm32f4xx_hal_tim.o
    0x08001b36   0x00000024   Code   RO         1101    i.TIM_TI2_ConfigInputStage  stm32f4xx_hal_tim.o
    0x08001b5a   0x00000002   PAD
    0x08001b5c   0x00000028   Code   RO         5112    i.__0sprintf        mc_w.l(printfa.o)
    0x08001b84   0x0000000e   Code   RO         5224    i.__scatterload_copy  mc_w.l(handlers.o)
    0x08001b92   0x00000002   Code   RO         5225    i.__scatterload_null  mc_w.l(handlers.o)
    0x08001b94   0x0000000e   Code   RO         5226    i.__scatterload_zeroinit  mc_w.l(handlers.o)
    0x08001ba2   0x00000002   PAD
    0x08001ba4   0x00000164   Code   RO         5117    i._fp_digits        mc_w.l(printfa.o)
    0x08001d08   0x000006dc   Code   RO         5118    i._printf_core      mc_w.l(printfa.o)
    0x080023e4   0x00000024   Code   RO         5119    i._printf_post_padding  mc_w.l(printfa.o)
    0x08002408   0x0000002e   Code   RO         5120    i._printf_pre_padding  mc_w.l(printfa.o)
    0x08002436   0x0000000a   Code   RO         5122    i._sputc            mc_w.l(printfa.o)
    0x08002440   0x00000044   Code   RO         4640    i.convert_T_sensor_data  hw_robo1.o
    0x08002484   0x00000016   Code   RO          328    i.main              main.o
    0x0800249a   0x00000002   PAD
    0x0800249c   0x0000006c   Code   RO         5176    i.malloc            mc_w.l(malloc.o)
    0x08002508   0x00001ab8   Data   RO         4177    .constdata          stm32f429i_discovery_lcd.o
    0x08003fc0   0x00000020   Data   RO         5222    Region$$Table       anon$$obj.o


    Execution Region RW_IRAM1 (Base: 0x20000000, Size: 0x000009f8, Max: 0x00030000, ABSOLUTE)

    Base Addr    Size         Type   Attr      Idx    E Section Name        Object

    0x20000000   0x00000008   Data   RW           12    .data               stm32f4xx_it.o
    0x20000008   0x00000008   Data   RW          385    .data               forms_01.o
    0x20000010   0x00000004   Data   RW         3053    .data               stm32f4xx_hal.o
    0x20000014   0x00000010   Data   RW         4182    .data               stm32f429i_discovery_lcd.o
    0x20000024   0x00000002   Data   RW         4739    .data               hw_internal_stm32f429.o
    0x20000026   0x00000002   PAD
    0x20000028   0x00000004   Data   RW         4791    .data               eventhandler_s_robo1.o
    0x2000002c   0x00000004   Data   RW         5219    .data               mc_w.l(mvars.o)
    0x20000030   0x00000004   Data   RW         5220    .data               mc_w.l(mvars.o)
    0x20000034   0x00000014   Zero   RW          384    .bss                forms_01.o
    0x20000048   0x00000130   Zero   RW         4176    .bss                stm32f429i_discovery_lcd.o
    0x20000178   0x000001c8   Zero   RW         4641    .bss                hw_robo1.o
    0x20000340   0x00000078   Zero   RW         4738    .bss                hw_internal_stm32f429.o
    0x200003b8   0x00000040   Zero   RW         4790    .bss                eventhandler_s_robo1.o
    0x200003f8   0x00000200   Zero   RW          469    HEAP                startup_stm32f429xx.o
    0x200005f8   0x00000400   Zero   RW          468    STACK               startup_stm32f429xx.o


==============================================================================

Image component sizes


      Code (inc. data)   RO Data    RW Data    ZI Data      Debug   Object Name

        30          0          0          0          0        624   d_filter.o
       296         40          0          4         64       1950   eventhandler_s_robo1.o
       212         30          0          8         20       3414   forms_01.o
       232         32          0          2        120       3552   hw_internal_stm32f429.o
       264         24          0          0        456       4754   hw_robo1.o
        22          0          0          0          0       2379   main.o
        36          8        428          0       1536        800   startup_stm32f429xx.o
        56         10       6840         16        304       9126   stm32f429i_discovery_lcd.o
        28         12          0          4          0       2409   stm32f4xx_hal.o
       128          4          0          0          0      29983   stm32f4xx_hal_cortex.o
       290          0          0          0          0       3269   stm32f4xx_hal_dma2d.o
        18          0          0          0          0       1949   stm32f4xx_hal_gpio.o
      1180         12          0          0          0       8723   stm32f4xx_hal_i2c.o
       212          0          0          0          0       2823   stm32f4xx_hal_ltdc.o
       104         14          0          0          0       1047   stm32f4xx_hal_msp.o
      1492         80          0          0          0      15401   stm32f4xx_hal_tim.o
        84          0          0          0          0       2406   stm32f4xx_hal_tim_ex.o
       242         44          0          8          0     353260   stm32f4xx_it.o
        84         18          0          0          0        585   system_stm32f4xx.o

    ----------------------------------------------------------------------
      5024        328       7300         44       2500     448454   Object Totals
         0          0         32          0          0          0   (incl. Generated)
        14          0          0          2          0          0   (incl. Padding)

    ----------------------------------------------------------------------

      Code (inc. data)   RO Data    RW Data    ZI Data      Debug   Library Member Name

        28          0          0          0          0         76   calloc.o
         0          0          0          0          0          0   entry.o
         0          0          0          0          0          0   entry10a.o
         0          0          0          0          0          0   entry11a.o
         8          4          0          0          0          0   entry2.o
         4          0          0          0          0          0   entry5.o
         0          0          0          0          0          0   entry7b.o
         0          0          0          0          0          0   entry8b.o
         8          4          0          0          0          0   entry9a.o
        30          0          0          0          0          0   handlers.o
        36          8          0          0          0         68   init.o
         0          0          0          0          0          0   iusefp.o
        30          0          0          0          0         68   llshl.o
        36          0          0          0          0         68   llsshr.o
        32          0          0          0          0         68   llushr.o
       108         16          0          0          0         84   malloc.o
         0          0          0          8          0          0   mvars.o
      2244         86          0          0          0        512   printfa.o
        24          0          0          0          0         76   strncpy.o
        44          0          0          0          0         80   uidiv.o
        98          0          0          0          0         92   uldiv.o
        48          0          0          0          0         68   cdrcmple.o
        56          0          0          0          0         88   d2f.o
       334          0          0          0          0        148   dadd.o
       222          0          0          0          0        100   ddiv.o
       186          0          0          0          0        176   depilogue.o
        48          0          0          0          0         68   dfixul.o
        26          0          0          0          0         76   dfltui.o
       228          0          0          0          0         96   dmul.o
        38          0          0          0          0         68   f2d.o
       110          0          0          0          0        168   fepilogue.o

    ----------------------------------------------------------------------
      4028        118          0          8          0       2248   Library Totals
         2          0          0          0          0          0   (incl. Padding)

    ----------------------------------------------------------------------

      Code (inc. data)   RO Data    RW Data    ZI Data      Debug   Library Name

      2730        118          0          8          0       1192   mc_w.l
      1296          0          0          0          0       1056   mf_w.l

    ----------------------------------------------------------------------
      4028        118          0          8          0       2248   Library Totals

    ----------------------------------------------------------------------

==============================================================================


      Code (inc. data)   RO Data    RW Data    ZI Data      Debug   

      9052        446       7300         52       2500     442662   Grand Totals
      9052        446       7300         52       2500     442662   ELF Image Totals
      9052        446       7300         52          0          0   ROM Totals

==============================================================================

    Total RO  Size (Code + RO Data)                16352 (  15.97kB)
    Total RW  Size (RW Data + ZI Data)              2552 (   2.49kB)
    Total ROM Size (Code + RO Data + RW Data)      16404 (  16.02kB)

==============================================================================

