<html>
<body>
<pre>
<h1>µVision Build Log</h1>
<h2>Tool Versions:</h2>
IDE-Version: µVision V5.20.0.0
Copyright (C) 2016 ARM Ltd and ARM Germany GmbH. All rights reserved.
License Information: Sergey Dr, Privat, LIC=2TTJJ-U44TT-9YNVW-QM728-YKSDV-JJB1W
 
Tool Versions:
Toolchain:       MDK-ARM Professional  Version: 5.20
Toolchain Path:  C:\Keil_v5\ARM\ARMCC\Bin
C Compiler:      Armcc.exe V5.06 update 2 (build 183)
Assembler:       Armasm.exe V5.06 update 2 (build 183)
Linker/Locator:  ArmLink.exe V5.06 update 2 (build 183)
Library Manager: ArmAr.exe V5.06 update 2 (build 183)
Hex Converter:   FromElf.exe V5.06 update 2 (build 183)
CPU DLL:         SARMCM3.DLL V5.20
Dialog DLL:      DCM.DLL V1.13.7.0
Target DLL:      STLink\ST-LINKIII-KEIL_SWO.dll V2.0.18.0
Dialog DLL:      TCM.DLL V1.14.9.0
 
<h2>Project:</h2>
C:\DSV_Projekt\Test1\dsv001-alaska\MDK-ARM\dsv001-alaska.uvprojx
Project File Date:  10/12/2016

<h2>Output:</h2>
*** Using Compiler 'V5.06 update 2 (build 183)', folder: 'C:\Keil_v5\ARM\ARMCC\Bin'
Rebuild target 'dsv001-alaska'
compiling stm32f4xx_hal_msp.c...
compiling stm32f4xx_it.c...
../MDK-ARM/Hardware/HW_Internal_STM32F429.h(24): warning:  #1295-D: Deprecated declaration HW_Internal_STM32F429_Init - give arg types
  void HW_Internal_STM32F429_Init();
../MDK-ARM/Hardware/HW_Internal_STM32F429.h(26): warning:  #1295-D: Deprecated declaration Get_Tim06_ch - give arg types
  uint8_t Get_Tim06_ch();
../MDK-ARM/Hardware/HW_Internal_STM32F429.h(30): warning:  #1295-D: Deprecated declaration Get_Tim09_ch - give arg types
  uint8_t Get_Tim09_ch();
../MDK-ARM/Digital_Filter/D_Filter.h(11): warning:  #1-D: last line of file ends without a newline
  void Complementary_Filter_Init();
../MDK-ARM/Digital_Filter/D_Filter.h(11): warning:  #1295-D: Deprecated declaration Complementary_Filter_Init - give arg types
  void Complementary_Filter_Init();
../MDK-ARM/Hardware/HW_Robo1.h(74): warning:  #1295-D: Deprecated declaration H_init_R - give arg types
  void H_init_R();
../MDK-ARM/Hardware/HW_Robo1.h(82): warning:  #1-D: last line of file ends without a newline
  //=============================================================
../Src/stm32f4xx_it.c: 7 warnings, 0 errors
compiling main.c...
../MDK-ARM/Digital_Filter/D_Filter.h(11): warning:  #1-D: last line of file ends without a newline
  void Complementary_Filter_Init();
../MDK-ARM/Digital_Filter/D_Filter.h(11): warning:  #1295-D: Deprecated declaration Complementary_Filter_Init - give arg types
  void Complementary_Filter_Init();
../MDK-ARM/Hardware/HW_Robo1.h(74): warning:  #1295-D: Deprecated declaration H_init_R - give arg types
  void H_init_R();
../MDK-ARM/Hardware/HW_Robo1.h(82): warning:  #1-D: last line of file ends without a newline
  //=============================================================
../MDK-ARM/Forms_01.h(25): warning:  #1295-D: Deprecated declaration DSV_Draw_wind - give arg types
  	void DSV_Draw_wind();
../MDK-ARM/Forms_01.h(26): warning:  #1295-D: Deprecated declaration DSV_Draw_wind_init - give arg types
  	void DSV_Draw_wind_init();
../MDK-ARM/Forms_01.h(35): warning:  #1-D: last line of file ends without a newline
  //	void DSV_Draw_wind_UpData();
../MDK-ARM/Hardware/HW_Internal_STM32F429.h(24): warning:  #1295-D: Deprecated declaration HW_Internal_STM32F429_Init - give arg types
  void HW_Internal_STM32F429_Init();
../MDK-ARM/Hardware/HW_Internal_STM32F429.h(26): warning:  #1295-D: Deprecated declaration Get_Tim06_ch - give arg types
  uint8_t Get_Tim06_ch();
../MDK-ARM/Hardware/HW_Internal_STM32F429.h(30): warning:  #1295-D: Deprecated declaration Get_Tim09_ch - give arg types
  uint8_t Get_Tim09_ch();
../MDK-ARM/Events/EventHandler_s_Robo1.h(41): warning:  #1295-D: Deprecated declaration Event_init - give arg types
  void Event_init();
../MDK-ARM/Events/EventHandler_s_Robo1.h(42): warning:  #1295-D: Deprecated declaration GetEvent_Stat_Data - give arg types
  void GetEvent_Stat_Data();
../MDK-ARM/Events/EventHandler_s_Robo1.h(43): warning:  #1295-D: Deprecated declaration Eevent_Collector - give arg types
  void Eevent_Collector();
../MDK-ARM/Events/EventHandler_s_Robo1.h(44): warning:  #1-D: last line of file ends without a newline
  void EventHandler();
../MDK-ARM/Events/EventHandler_s_Robo1.h(44): warning:  #1295-D: Deprecated declaration EventHandler - give arg types
  void EventHandler();
../Src/main.c: 15 warnings, 0 errors
assembling startup_stm32f429xx.s...
compiling system_stm32f4xx.c...
compiling Forms_01.c...
Forms_01.h(25): warning:  #1295-D: Deprecated declaration DSV_Draw_wind - give arg types
  	void DSV_Draw_wind();
Forms_01.h(26): warning:  #1295-D: Deprecated declaration DSV_Draw_wind_init - give arg types
  	void DSV_Draw_wind_init();
Forms_01.h(35): warning:  #1-D: last line of file ends without a newline
  //	void DSV_Draw_wind_UpData();
Forms_01.c(34): warning:  #223-D: function "strncpy" declared implicitly
  			strncpy(dsv_form_01_data.frame_text00.text00,form01_text00,10);
Forms_01.c(40): warning:  #223-D: function "strncpy" declared implicitly
  			strncpy(dsv_form_01_data.frame_text01.text01,form01_text01,10);
Forms_01.c(105): warning:  #1-D: last line of file ends without a newline
  	};
Forms_01.c: 6 warnings, 0 errors
compiling stm32f4xx_hal_i2c.c...
compiling stm32f4xx_hal_cortex.c...
compiling stm32f4xx_hal_tim.c...
compiling stm32f4xx_hal_ltdc_ex.c...
compiling stm32f4xx_hal_pwr_ex.c...
compiling stm32f4xx_hal_gpio.c...
compiling stm32f4xx_ll_fmc.c...
compiling stm32f4xx_hal_flash_ramfunc.c...
compiling stm32f4xx_hal_spi.c...
compiling stm32f4xx_hal_i2c_ex.c...
compiling stm32f4xx_hal_ltdc.c...
compiling stm32f4xx_hal_dma2d.c...
compiling stm32f4xx_hal_dma_ex.c...
compiling stm32f4xx_hal_rcc_ex.c...
compiling stm32f4xx_hal_flash_ex.c...
compiling stm32f4xx_hal_flash.c...
compiling stm32f4xx_hal.c...
compiling stm32f4xx_hal_dma.c...
compiling stm32f4xx_hal_dsi.c...
compiling stm32f4xx_hal_rcc.c...
compiling stm32f4xx_hal_pwr.c...
compiling stm32f4xx_hal_tim_ex.c...
compiling stm32f4xx_hal_sdram.c...
compiling stm32f429i_discovery.c...
compiling ili9341.c...
compiling mlx90614BCC.c...
compiling stm32f429i_discovery_sdram.c...
compiling stm32f429i_discovery_lcd.c...
compiling HW_Internal_STM32F429.c...
Hardware\HW_Internal_STM32F429.h(24): warning:  #1295-D: Deprecated declaration HW_Internal_STM32F429_Init - give arg types
  void HW_Internal_STM32F429_Init();
Hardware\HW_Internal_STM32F429.h(26): warning:  #1295-D: Deprecated declaration Get_Tim06_ch - give arg types
  uint8_t Get_Tim06_ch();
Hardware\HW_Internal_STM32F429.h(30): warning:  #1295-D: Deprecated declaration Get_Tim09_ch - give arg types
  uint8_t Get_Tim09_ch();
Hardware\HW_Internal_STM32F429.c: 3 warnings, 0 errors
compiling EventHandler_s_Robo1.c...
../MDK-ARM/Digital_Filter/D_Filter.h(11): warning:  #1-D: last line of file ends without a newline
  void Complementary_Filter_Init();
../MDK-ARM/Digital_Filter/D_Filter.h(11): warning:  #1295-D: Deprecated declaration Complementary_Filter_Init - give arg types
  void Complementary_Filter_Init();
../MDK-ARM/Hardware/HW_Robo1.h(74): warning:  #1295-D: Deprecated declaration H_init_R - give arg types
  void H_init_R();
../MDK-ARM/Hardware/HW_Robo1.h(82): warning:  #1-D: last line of file ends without a newline
  //=============================================================
../MDK-ARM/Forms_01.h(25): warning:  #1295-D: Deprecated declaration DSV_Draw_wind - give arg types
  	void DSV_Draw_wind();
../MDK-ARM/Forms_01.h(26): warning:  #1295-D: Deprecated declaration DSV_Draw_wind_init - give arg types
  	void DSV_Draw_wind_init();
../MDK-ARM/Forms_01.h(35): warning:  #1-D: last line of file ends without a newline
  //	void DSV_Draw_wind_UpData();
../MDK-ARM/Hardware/HW_Internal_STM32F429.h(24): warning:  #1295-D: Deprecated declaration HW_Internal_STM32F429_Init - give arg types
  void HW_Internal_STM32F429_Init();
../MDK-ARM/Hardware/HW_Internal_STM32F429.h(26): warning:  #1295-D: Deprecated declaration Get_Tim06_ch - give arg types
  uint8_t Get_Tim06_ch();
../MDK-ARM/Hardware/HW_Internal_STM32F429.h(30): warning:  #1295-D: Deprecated declaration Get_Tim09_ch - give arg types
  uint8_t Get_Tim09_ch();
../MDK-ARM/Events/EventHandler_s_Robo1.h(41): warning:  #1295-D: Deprecated declaration Event_init - give arg types
  void Event_init();
../MDK-ARM/Events/EventHandler_s_Robo1.h(42): warning:  #1295-D: Deprecated declaration GetEvent_Stat_Data - give arg types
  void GetEvent_Stat_Data();
../MDK-ARM/Events/EventHandler_s_Robo1.h(43): warning:  #1295-D: Deprecated declaration Eevent_Collector - give arg types
  void Eevent_Collector();
../MDK-ARM/Events/EventHandler_s_Robo1.h(44): warning:  #1-D: last line of file ends without a newline
  void EventHandler();
../MDK-ARM/Events/EventHandler_s_Robo1.h(44): warning:  #1295-D: Deprecated declaration EventHandler - give arg types
  void EventHandler();
EventHandler_s_Robo1.c: 15 warnings, 0 errors
compiling HW_Robo1.c...
../MDK-ARM/Digital_Filter/D_Filter.h(11): warning:  #1-D: last line of file ends without a newline
  void Complementary_Filter_Init();
../MDK-ARM/Digital_Filter/D_Filter.h(11): warning:  #1295-D: Deprecated declaration Complementary_Filter_Init - give arg types
  void Complementary_Filter_Init();
Hardware\HW_Robo1.h(74): warning:  #1295-D: Deprecated declaration H_init_R - give arg types
  void H_init_R();
Hardware\HW_Robo1.h(82): warning:  #1-D: last line of file ends without a newline
  //=============================================================
Hardware\HW_Robo1.c: 4 warnings, 0 errors
compiling D_Filter.c...
Digital_Filter\D_Filter.h(11): warning:  #1-D: last line of file ends without a newline
  void Complementary_Filter_Init();
Digital_Filter\D_Filter.h(11): warning:  #1295-D: Deprecated declaration Complementary_Filter_Init - give arg types
  void Complementary_Filter_Init();
Digital_Filter\D_Filter.c(17): warning:  #940-D: missing return statement at end of non-void function "Get_Filter_Data_Sensor_ID"
  	};
Digital_Filter\D_Filter.c(44): warning:  #1-D: last line of file ends without a newline
  //-=-=-=-=-=-=-=-=-=-=-=-=-=-=-=-=-=-=-=-=-=-=-=-=-=-=-=-=-=-=-=-
Digital_Filter\D_Filter.c: 4 warnings, 0 errors
linking...
Program Size: Code=9052 RO-data=7300 RW-data=52 ZI-data=2500  
"dsv001-alaska\dsv001-alaska.axf" - 0 Error(s), 54 Warning(s).

<h2>Software Packages used:</h2>

Package Vendor: ARM
                http://www.keil.com/pack/ARM.CMSIS.5.0.0-Beta4.pack
                ARM::CMSIS:CORE:5.0.0
                CMSIS (Cortex Microcontroller Software Interface Standard)
   * Component: CORE Version: 5.0.0

<h2>Collection of Component include folders:</h2>
  C:\DSV_Projekt\Test1\dsv001-alaska\MDK-ARM\RTE
  C:\Keil_v5\ARM\PACK\ARM\CMSIS\5.0.0-Beta4\CMSIS\Include
  C:\Keil_v5\ARM\PACK\Keil\STM32F4xx_DFP\2.9.0\Drivers\CMSIS\Device\ST\STM32F4xx\Include

<h2>Collection of Component Files used:</h2>

   * Component: ARM::CMSIS:CORE:5.0.0
Build Time Elapsed:  00:00:44
</pre>
</body>
</html>
